{"synthetic": false,
 "schemaVersion": "2025-09-10",
 "outputs":
 {"o": ["02eea8c0692e6595.olean"],
  "m": false,
  "i": "2e95d4b9e6be304c.ilean",
  "c": "488a5246a6509074.c"},
 "log":
 [{"message":
   ".> LEAN_PATH=/home/ebonnet/Bitbucket/leaning/twin-width/twin-width-mixed-minor-number-equivalence-redemption-package/proofs/.lake/packages/Cli/.lake/build/lib/lean:/home/ebonnet/Bitbucket/leaning/twin-width/twin-width-mixed-minor-number-equivalence-redemption-package/proofs/.lake/packages/batteries/.lake/build/lib/lean:/home/ebonnet/Bitbucket/leaning/twin-width/twin-width-mixed-minor-number-equivalence-redemption-package/proofs/.lake/packages/Qq/.lake/build/lib/lean:/home/ebonnet/Bitbucket/leaning/twin-width/twin-width-mixed-minor-number-equivalence-redemption-package/proofs/.lake/packages/aesop/.lake/build/lib/lean:/home/ebonnet/Bitbucket/leaning/twin-width/twin-width-mixed-minor-number-equivalence-redemption-package/proofs/.lake/packages/proofwidgets/.lake/build/lib/lean:/home/ebonnet/Bitbucket/leaning/twin-width/twin-width-mixed-minor-number-equivalence-redemption-package/proofs/.lake/packages/importGraph/.lake/build/lib/lean:/home/ebonnet/Bitbucket/leaning/twin-width/twin-width-mixed-minor-number-equivalence-redemption-package/proofs/.lake/packages/LeanSearchClient/.lake/build/lib/lean:/home/ebonnet/Bitbucket/leaning/twin-width/twin-width-mixed-minor-number-equivalence-redemption-package/proofs/.lake/packages/plausible/.lake/build/lib/lean:/home/ebonnet/Bitbucket/leaning/twin-width/twin-width-mixed-minor-number-equivalence-redemption-package/proofs/.lake/packages/mathlib/.lake/build/lib/lean:/home/ebonnet/Bitbucket/leaning/twin-width/twin-width-mixed-minor-number-equivalence-redemption-package/statements/.lake/build/lib/lean:/home/ebonnet/Bitbucket/leaning/twin-width/twin-width-mixed-minor-number-equivalence-redemption-package/proofs/.lake/packages/TwinWidthTreewidthExponentialRedemption2.Statements/twin-width/twin-width-treewidth-exponential-redemption-2-package/statements/.lake/build/lib/lean:/home/ebonnet/Bitbucket/leaning/twin-width/twin-width-mixed-minor-number-equivalence-redemption-package/proofs/.lake/build/lib/lean /home/ebonnet/.elan/toolchains/leanprover--lean4---v4.30.0/bin/lean /home/ebonnet/Bitbucket/leaning/twin-width/twin-width-mixed-minor-number-equivalence-redemption-package/proofs/../source/TwinWidthMixedMinorNumberEquivalenceRedemption/Source/TwinWidth/Contraction/Trigraph.lean -o /home/ebonnet/Bitbucket/leaning/twin-width/twin-width-mixed-minor-number-equivalence-redemption-package/proofs/.lake/build/lib/lean/TwinWidthMixedMinorNumberEquivalenceRedemption/Source/TwinWidth/Contraction/Trigraph.olean -i /home/ebonnet/Bitbucket/leaning/twin-width/twin-width-mixed-minor-number-equivalence-redemption-package/proofs/.lake/build/lib/lean/TwinWidthMixedMinorNumberEquivalenceRedemption/Source/TwinWidth/Contraction/Trigraph.ilean -c /home/ebonnet/Bitbucket/leaning/twin-width/twin-width-mixed-minor-number-equivalence-redemption-package/proofs/.lake/build/ir/TwinWidthMixedMinorNumberEquivalenceRedemption/Source/TwinWidth/Contraction/Trigraph.c --setup /home/ebonnet/Bitbucket/leaning/twin-width/twin-width-mixed-minor-number-equivalence-redemption-package/proofs/.lake/build/ir/TwinWidthMixedMinorNumberEquivalenceRedemption/Source/TwinWidth/Contraction/Trigraph.setup.json --json",
   "level": "trace"}],
 "inputs":
 [["TwinWidthMixedMinorNumberEquivalenceRedemption.Source.TwinWidth.Contraction.Trigraph:deps",
   [["deps",
     [["TwinWidthMixedMinorNumberEquivalenceRedemption.Proofs/TwinWidthMixedMinorNumberEquivalenceRedemption.Source:extraDep",
       [["@TwinWidthMixedMinorNumberEquivalenceRedemption.Proofs:extraDep",
         "00000000000006bb"]]],
      ["imports",
       [["Mathlib.Combinatorics.SimpleGraph.Basic transitive imports (legacy)",
         "2a274a0746fd4255"],
        ["Mathlib.Combinatorics.SimpleGraph.Basic:importAllArts",
         "bd6566f3729a2489"],
        ["Mathlib.Data.Finset.Basic transitive imports (legacy)",
         "e9643a503ae66ac4"],
        ["Mathlib.Data.Finset.Basic:importAllArts", "0edbe396133a046c"]]]]],
    ["libs",
     [["import dynlibs", "00000000000006bb"],
      ["package external libraries", "00000000000006bb"],
      ["module dynlibs", "00000000000006bb"],
      ["module plugins", "00000000000006bb"]]]]],
  ["Lean 4.30.0, commit d024af099ca4bf2c86f649261ebf59565dc8c622",
   "2f4703bb19086252"],
  ["/home/ebonnet/Bitbucket/leaning/twin-width/twin-width-mixed-minor-number-equivalence-redemption-package/proofs/../source/TwinWidthMixedMinorNumberEquivalenceRedemption/Source/TwinWidth/Contraction/Trigraph.lean",
   "0ac6a4f9f062b609"],
  ["options", "00000000000006bb"],
  ["isModule: false", "feefd2a0d3a1847e"],
  ["Module.name: TwinWidthMixedMinorNumberEquivalenceRedemption.Source.TwinWidth.Contraction.Trigraph",
   "d533b6623ddc3dfb"],
  ["Package.id?: (some TwinWidthMixedMinorNumberEquivalenceRedemption.Proofs)",
   "b53c288cba83af31"],
  ["Module.leanArgs: #[]", "00000000000006bb"]],
 "depHash": "d213214b08af70c2"}