{"synthetic": false,
 "schemaVersion": "2025-09-10",
 "outputs":
 {"o": ["c902fddf9662f0bd.olean"],
  "m": false,
  "i": "ce12cfbc5743a695.ilean",
  "c": "ce6dc797001f60ac.c"},
 "log":
 [{"message":
   ".> LEAN_PATH=/home/ebonnet/Bitbucket/leaning/twin-width/twin-width-mixed-minor-number-equivalence-redemption-package/proofs/.lake/packages/Cli/.lake/build/lib/lean:/home/ebonnet/Bitbucket/leaning/twin-width/twin-width-mixed-minor-number-equivalence-redemption-package/proofs/.lake/packages/batteries/.lake/build/lib/lean:/home/ebonnet/Bitbucket/leaning/twin-width/twin-width-mixed-minor-number-equivalence-redemption-package/proofs/.lake/packages/Qq/.lake/build/lib/lean:/home/ebonnet/Bitbucket/leaning/twin-width/twin-width-mixed-minor-number-equivalence-redemption-package/proofs/.lake/packages/aesop/.lake/build/lib/lean:/home/ebonnet/Bitbucket/leaning/twin-width/twin-width-mixed-minor-number-equivalence-redemption-package/proofs/.lake/packages/proofwidgets/.lake/build/lib/lean:/home/ebonnet/Bitbucket/leaning/twin-width/twin-width-mixed-minor-number-equivalence-redemption-package/proofs/.lake/packages/importGraph/.lake/build/lib/lean:/home/ebonnet/Bitbucket/leaning/twin-width/twin-width-mixed-minor-number-equivalence-redemption-package/proofs/.lake/packages/LeanSearchClient/.lake/build/lib/lean:/home/ebonnet/Bitbucket/leaning/twin-width/twin-width-mixed-minor-number-equivalence-redemption-package/proofs/.lake/packages/plausible/.lake/build/lib/lean:/home/ebonnet/Bitbucket/leaning/twin-width/twin-width-mixed-minor-number-equivalence-redemption-package/proofs/.lake/packages/mathlib/.lake/build/lib/lean:/home/ebonnet/Bitbucket/leaning/twin-width/twin-width-mixed-minor-number-equivalence-redemption-package/statements/.lake/build/lib/lean:/home/ebonnet/Bitbucket/leaning/twin-width/twin-width-mixed-minor-number-equivalence-redemption-package/proofs/.lake/packages/TwinWidthTreewidthExponentialRedemption2.Statements/twin-width/twin-width-treewidth-exponential-redemption-2-package/statements/.lake/build/lib/lean:/home/ebonnet/Bitbucket/leaning/twin-width/twin-width-mixed-minor-number-equivalence-redemption-package/proofs/.lake/build/lib/lean /home/ebonnet/.elan/toolchains/leanprover--lean4---v4.30.0/bin/lean /home/ebonnet/Bitbucket/leaning/twin-width/twin-width-mixed-minor-number-equivalence-redemption-package/proofs/../source/TwinWidthMixedMinorNumberEquivalenceRedemption/Source/TwinWidth/Matrix/Corner.lean -o /home/ebonnet/Bitbucket/leaning/twin-width/twin-width-mixed-minor-number-equivalence-redemption-package/proofs/.lake/build/lib/lean/TwinWidthMixedMinorNumberEquivalenceRedemption/Source/TwinWidth/Matrix/Corner.olean -i /home/ebonnet/Bitbucket/leaning/twin-width/twin-width-mixed-minor-number-equivalence-redemption-package/proofs/.lake/build/lib/lean/TwinWidthMixedMinorNumberEquivalenceRedemption/Source/TwinWidth/Matrix/Corner.ilean -c /home/ebonnet/Bitbucket/leaning/twin-width/twin-width-mixed-minor-number-equivalence-redemption-package/proofs/.lake/build/ir/TwinWidthMixedMinorNumberEquivalenceRedemption/Source/TwinWidth/Matrix/Corner.c --setup /home/ebonnet/Bitbucket/leaning/twin-width/twin-width-mixed-minor-number-equivalence-redemption-package/proofs/.lake/build/ir/TwinWidthMixedMinorNumberEquivalenceRedemption/Source/TwinWidth/Matrix/Corner.setup.json --json",
   "level": "trace"}],
 "inputs":
 [["TwinWidthMixedMinorNumberEquivalenceRedemption.Source.TwinWidth.Matrix.Corner:deps",
   [["deps",
     [["TwinWidthMixedMinorNumberEquivalenceRedemption.Proofs/TwinWidthMixedMinorNumberEquivalenceRedemption.Source:extraDep",
       [["@TwinWidthMixedMinorNumberEquivalenceRedemption.Proofs:extraDep",
         "00000000000006bb"]]],
      ["imports",
       [["TwinWidthMixedMinorNumberEquivalenceRedemption.Source.TwinWidth.Matrix.MixedValue transitive imports (legacy)",
         "a9c0613e4bcee994"],
        ["TwinWidthMixedMinorNumberEquivalenceRedemption.Source.TwinWidth.Matrix.MixedValue:importAllArts",
         "b334b0761bcacdac"]]]]],
    ["libs",
     [["import dynlibs", "00000000000006bb"],
      ["package external libraries", "00000000000006bb"],
      ["module dynlibs", "00000000000006bb"],
      ["module plugins", "00000000000006bb"]]]]],
  ["Lean 4.30.0, commit d024af099ca4bf2c86f649261ebf59565dc8c622",
   "2f4703bb19086252"],
  ["/home/ebonnet/Bitbucket/leaning/twin-width/twin-width-mixed-minor-number-equivalence-redemption-package/proofs/../source/TwinWidthMixedMinorNumberEquivalenceRedemption/Source/TwinWidth/Matrix/Corner.lean",
   "5dac51457a3828df"],
  ["options", "00000000000006bb"],
  ["isModule: false", "feefd2a0d3a1847e"],
  ["Module.name: TwinWidthMixedMinorNumberEquivalenceRedemption.Source.TwinWidth.Matrix.Corner",
   "7ae3cc63032dce41"],
  ["Package.id?: (some TwinWidthMixedMinorNumberEquivalenceRedemption.Proofs)",
   "b53c288cba83af31"],
  ["Module.leanArgs: #[]", "00000000000006bb"]],
 "depHash": "52683fd0957a95e9"}