{"synthetic": false,
 "schemaVersion": "2025-09-10",
 "outputs":
 {"o": ["c4d0fd8f935a6a2e.olean"],
  "m": false,
  "i": "b03e341f06ddf01f.ilean",
  "c": "c94b458de93ef389.c"},
 "log":
 [{"message":
   ".> LEAN_PATH=/home/ebonnet/Bitbucket/leaning/twin-width/twin-width-mixed-minor-number-equivalence-redemption-package/proofs/.lake/packages/Cli/.lake/build/lib/lean:/home/ebonnet/Bitbucket/leaning/twin-width/twin-width-mixed-minor-number-equivalence-redemption-package/proofs/.lake/packages/batteries/.lake/build/lib/lean:/home/ebonnet/Bitbucket/leaning/twin-width/twin-width-mixed-minor-number-equivalence-redemption-package/proofs/.lake/packages/Qq/.lake/build/lib/lean:/home/ebonnet/Bitbucket/leaning/twin-width/twin-width-mixed-minor-number-equivalence-redemption-package/proofs/.lake/packages/aesop/.lake/build/lib/lean:/home/ebonnet/Bitbucket/leaning/twin-width/twin-width-mixed-minor-number-equivalence-redemption-package/proofs/.lake/packages/proofwidgets/.lake/build/lib/lean:/home/ebonnet/Bitbucket/leaning/twin-width/twin-width-mixed-minor-number-equivalence-redemption-package/proofs/.lake/packages/importGraph/.lake/build/lib/lean:/home/ebonnet/Bitbucket/leaning/twin-width/twin-width-mixed-minor-number-equivalence-redemption-package/proofs/.lake/packages/LeanSearchClient/.lake/build/lib/lean:/home/ebonnet/Bitbucket/leaning/twin-width/twin-width-mixed-minor-number-equivalence-redemption-package/proofs/.lake/packages/plausible/.lake/build/lib/lean:/home/ebonnet/Bitbucket/leaning/twin-width/twin-width-mixed-minor-number-equivalence-redemption-package/proofs/.lake/packages/mathlib/.lake/build/lib/lean:/home/ebonnet/Bitbucket/leaning/twin-width/twin-width-mixed-minor-number-equivalence-redemption-package/statements/.lake/build/lib/lean:/home/ebonnet/Bitbucket/leaning/twin-width/twin-width-mixed-minor-number-equivalence-redemption-package/proofs/.lake/packages/TwinWidthTreewidthExponentialRedemption2.Statements/twin-width/twin-width-treewidth-exponential-redemption-2-package/statements/.lake/build/lib/lean:/home/ebonnet/Bitbucket/leaning/twin-width/twin-width-mixed-minor-number-equivalence-redemption-package/proofs/.lake/build/lib/lean /home/ebonnet/.elan/toolchains/leanprover--lean4---v4.30.0/bin/lean /home/ebonnet/Bitbucket/leaning/twin-width/twin-width-mixed-minor-number-equivalence-redemption-package/proofs/../source/TwinWidthMixedMinorNumberEquivalenceRedemption/Source/TwinWidth/Matrix/Theorem10.lean -o /home/ebonnet/Bitbucket/leaning/twin-width/twin-width-mixed-minor-number-equivalence-redemption-package/proofs/.lake/build/lib/lean/TwinWidthMixedMinorNumberEquivalenceRedemption/Source/TwinWidth/Matrix/Theorem10.olean -i /home/ebonnet/Bitbucket/leaning/twin-width/twin-width-mixed-minor-number-equivalence-redemption-package/proofs/.lake/build/lib/lean/TwinWidthMixedMinorNumberEquivalenceRedemption/Source/TwinWidth/Matrix/Theorem10.ilean -c /home/ebonnet/Bitbucket/leaning/twin-width/twin-width-mixed-minor-number-equivalence-redemption-package/proofs/.lake/build/ir/TwinWidthMixedMinorNumberEquivalenceRedemption/Source/TwinWidth/Matrix/Theorem10.c --setup /home/ebonnet/Bitbucket/leaning/twin-width/twin-width-mixed-minor-number-equivalence-redemption-package/proofs/.lake/build/ir/TwinWidthMixedMinorNumberEquivalenceRedemption/Source/TwinWidth/Matrix/Theorem10.setup.json --json",
   "level": "trace"}],
 "inputs":
 [["TwinWidthMixedMinorNumberEquivalenceRedemption.Source.TwinWidth.Matrix.Theorem10:deps",
   [["deps",
     [["TwinWidthMixedMinorNumberEquivalenceRedemption.Proofs/TwinWidthMixedMinorNumberEquivalenceRedemption.Source:extraDep",
       [["@TwinWidthMixedMinorNumberEquivalenceRedemption.Proofs:extraDep",
         "00000000000006bb"]]],
      ["imports",
       [["TwinWidthMixedMinorNumberEquivalenceRedemption.Source.TwinWidth.Matrix.Theorem10Defs transitive imports (legacy)",
         "be2b9840384626a8"],
        ["TwinWidthMixedMinorNumberEquivalenceRedemption.Source.TwinWidth.Matrix.Theorem10Defs:importAllArts",
         "7aacf447a21227d8"]]]]],
    ["libs",
     [["import dynlibs", "00000000000006bb"],
      ["package external libraries", "00000000000006bb"],
      ["module dynlibs", "00000000000006bb"],
      ["module plugins", "00000000000006bb"]]]]],
  ["Lean 4.30.0, commit d024af099ca4bf2c86f649261ebf59565dc8c622",
   "2f4703bb19086252"],
  ["/home/ebonnet/Bitbucket/leaning/twin-width/twin-width-mixed-minor-number-equivalence-redemption-package/proofs/../source/TwinWidthMixedMinorNumberEquivalenceRedemption/Source/TwinWidth/Matrix/Theorem10.lean",
   "f6e8bffa03a58ac0"],
  ["options", "00000000000006bb"],
  ["isModule: false", "feefd2a0d3a1847e"],
  ["Module.name: TwinWidthMixedMinorNumberEquivalenceRedemption.Source.TwinWidth.Matrix.Theorem10",
   "beb5b1337cfe668e"],
  ["Package.id?: (some TwinWidthMixedMinorNumberEquivalenceRedemption.Proofs)",
   "b53c288cba83af31"],
  ["Module.leanArgs: #[]", "00000000000006bb"]],
 "depHash": "be10c02be68fb0a8"}