{"synthetic": false,
 "schemaVersion": "2025-09-10",
 "outputs":
 {"o": ["d6c0893a428794c7.olean"],
  "m": false,
  "i": "2d251685e4b972e4.ilean",
  "c": "06bf6bb61a5cc535.c"},
 "log":
 [{"message":
   ".> LEAN_PATH=/home/ebonnet/Bitbucket/leaning/twin-width/twin-width-mixed-minor-number-equivalence-redemption-package/statements/.lake/packages/Cli/.lake/build/lib/lean:/home/ebonnet/Bitbucket/leaning/twin-width/twin-width-mixed-minor-number-equivalence-redemption-package/statements/.lake/packages/batteries/.lake/build/lib/lean:/home/ebonnet/Bitbucket/leaning/twin-width/twin-width-mixed-minor-number-equivalence-redemption-package/statements/.lake/packages/Qq/.lake/build/lib/lean:/home/ebonnet/Bitbucket/leaning/twin-width/twin-width-mixed-minor-number-equivalence-redemption-package/statements/.lake/packages/aesop/.lake/build/lib/lean:/home/ebonnet/Bitbucket/leaning/twin-width/twin-width-mixed-minor-number-equivalence-redemption-package/statements/.lake/packages/proofwidgets/.lake/build/lib/lean:/home/ebonnet/Bitbucket/leaning/twin-width/twin-width-mixed-minor-number-equivalence-redemption-package/statements/.lake/packages/importGraph/.lake/build/lib/lean:/home/ebonnet/Bitbucket/leaning/twin-width/twin-width-mixed-minor-number-equivalence-redemption-package/statements/.lake/packages/LeanSearchClient/.lake/build/lib/lean:/home/ebonnet/Bitbucket/leaning/twin-width/twin-width-mixed-minor-number-equivalence-redemption-package/statements/.lake/packages/plausible/.lake/build/lib/lean:/home/ebonnet/Bitbucket/leaning/twin-width/twin-width-mixed-minor-number-equivalence-redemption-package/statements/.lake/packages/mathlib/.lake/build/lib/lean:/home/ebonnet/Bitbucket/leaning/twin-width/twin-width-mixed-minor-number-equivalence-redemption-package/statements/.lake/packages/TwinWidthTreewidthExponentialRedemption2.Statements/twin-width/twin-width-treewidth-exponential-redemption-2-package/statements/.lake/build/lib/lean:/home/ebonnet/Bitbucket/leaning/twin-width/twin-width-mixed-minor-number-equivalence-redemption-package/statements/.lake/build/lib/lean /home/ebonnet/.elan/toolchains/leanprover--lean4---v4.30.0/bin/lean /home/ebonnet/Bitbucket/leaning/twin-width/twin-width-mixed-minor-number-equivalence-redemption-package/statements/TwinWidthMixedMinorNumberEquivalenceRedemption/Statements/Main.lean -o /home/ebonnet/Bitbucket/leaning/twin-width/twin-width-mixed-minor-number-equivalence-redemption-package/statements/.lake/build/lib/lean/TwinWidthMixedMinorNumberEquivalenceRedemption/Statements/Main.olean -i /home/ebonnet/Bitbucket/leaning/twin-width/twin-width-mixed-minor-number-equivalence-redemption-package/statements/.lake/build/lib/lean/TwinWidthMixedMinorNumberEquivalenceRedemption/Statements/Main.ilean -c /home/ebonnet/Bitbucket/leaning/twin-width/twin-width-mixed-minor-number-equivalence-redemption-package/statements/.lake/build/ir/TwinWidthMixedMinorNumberEquivalenceRedemption/Statements/Main.c --setup /home/ebonnet/Bitbucket/leaning/twin-width/twin-width-mixed-minor-number-equivalence-redemption-package/statements/.lake/build/ir/TwinWidthMixedMinorNumberEquivalenceRedemption/Statements/Main.setup.json --json",
   "level": "trace"}],
 "inputs":
 [["TwinWidthMixedMinorNumberEquivalenceRedemption.Statements.Main:deps",
   [["deps",
     [["TwinWidthMixedMinorNumberEquivalenceRedemption.Statements/TwinWidthMixedMinorNumberEquivalenceRedemption.Statements:extraDep",
       [["@TwinWidthMixedMinorNumberEquivalenceRedemption.Statements:extraDep",
         "00000000000006bb"]]],
      ["imports",
       [["TwinWidthMixedMinorNumberEquivalenceRedemption.Statements.FunctionalEquivalence transitive imports (legacy)",
         "0fc425719f8af7a2"],
        ["TwinWidthMixedMinorNumberEquivalenceRedemption.Statements.FunctionalEquivalence:importAllArts",
         "495c3611c23d5956"],
        ["TwinWidthMixedMinorNumberEquivalenceRedemption.Statements.SimpleGraph transitive imports (legacy)",
         "7bedc33f4664bac3"],
        ["TwinWidthMixedMinorNumberEquivalenceRedemption.Statements.SimpleGraph:importAllArts",
         "af5632d988446d7e"],
        ["TwinWidthTreewidthExponentialRedemption2.Statements.TwinWidth transitive imports (legacy)",
         "2d0adc4d5ee8dc8f"],
        ["TwinWidthTreewidthExponentialRedemption2.Statements.TwinWidth:importAllArts",
         "efb832052606ee33"]]]]],
    ["libs",
     [["import dynlibs", "00000000000006bb"],
      ["package external libraries", "00000000000006bb"],
      ["module dynlibs", "00000000000006bb"],
      ["module plugins", "00000000000006bb"]]]]],
  ["Lean 4.30.0, commit d024af099ca4bf2c86f649261ebf59565dc8c622",
   "2f4703bb19086252"],
  ["/home/ebonnet/Bitbucket/leaning/twin-width/twin-width-mixed-minor-number-equivalence-redemption-package/statements/TwinWidthMixedMinorNumberEquivalenceRedemption/Statements/Main.lean",
   "f4fdee22b65a00d8"],
  ["options", "00000000000006bb"],
  ["isModule: false", "feefd2a0d3a1847e"],
  ["Module.name: TwinWidthMixedMinorNumberEquivalenceRedemption.Statements.Main",
   "a68639c3f67eadcd"],
  ["Package.id?: (some TwinWidthMixedMinorNumberEquivalenceRedemption.Statements)",
   "e67fc0e7c5e7e466"],
  ["Module.leanArgs: #[]", "00000000000006bb"]],
 "depHash": "3858f8fbed65b3f3"}