{"synthetic": false,
 "schemaVersion": "2025-09-10",
 "outputs":
 {"o": ["4a68ae129e333e6d.olean"],
  "m": false,
  "i": "4897597ce56e53ae.ilean",
  "c": "77a0627889ece43b.c"},
 "log":
 [{"message":
   ".> LEAN_PATH=/home/ebonnet/Bitbucket/leaning/twin-width/twin-width-treewidth-exponential-redemption-package/statements/.lake/packages/Cli/.lake/build/lib/lean:/home/ebonnet/Bitbucket/leaning/twin-width/twin-width-treewidth-exponential-redemption-package/statements/.lake/packages/batteries/.lake/build/lib/lean:/home/ebonnet/Bitbucket/leaning/twin-width/twin-width-treewidth-exponential-redemption-package/statements/.lake/packages/Qq/.lake/build/lib/lean:/home/ebonnet/Bitbucket/leaning/twin-width/twin-width-treewidth-exponential-redemption-package/statements/.lake/packages/aesop/.lake/build/lib/lean:/home/ebonnet/Bitbucket/leaning/twin-width/twin-width-treewidth-exponential-redemption-package/statements/.lake/packages/proofwidgets/.lake/build/lib/lean:/home/ebonnet/Bitbucket/leaning/twin-width/twin-width-treewidth-exponential-redemption-package/statements/.lake/packages/importGraph/.lake/build/lib/lean:/home/ebonnet/Bitbucket/leaning/twin-width/twin-width-treewidth-exponential-redemption-package/statements/.lake/packages/LeanSearchClient/.lake/build/lib/lean:/home/ebonnet/Bitbucket/leaning/twin-width/twin-width-treewidth-exponential-redemption-package/statements/.lake/packages/plausible/.lake/build/lib/lean:/home/ebonnet/Bitbucket/leaning/twin-width/twin-width-treewidth-exponential-redemption-package/statements/.lake/packages/mathlib/.lake/build/lib/lean:/home/ebonnet/Bitbucket/leaning/twin-width/twin-width-treewidth-exponential-redemption-package/statements/.lake/build/lib/lean /home/ebonnet/.elan/toolchains/leanprover--lean4---v4.30.0/bin/lean /home/ebonnet/Bitbucket/leaning/twin-width/twin-width-treewidth-exponential-redemption-package/statements/TwinWidthTreewidthExponentialRedemption/Statements.lean -o /home/ebonnet/Bitbucket/leaning/twin-width/twin-width-treewidth-exponential-redemption-package/statements/.lake/build/lib/lean/TwinWidthTreewidthExponentialRedemption/Statements.olean -i /home/ebonnet/Bitbucket/leaning/twin-width/twin-width-treewidth-exponential-redemption-package/statements/.lake/build/lib/lean/TwinWidthTreewidthExponentialRedemption/Statements.ilean -c /home/ebonnet/Bitbucket/leaning/twin-width/twin-width-treewidth-exponential-redemption-package/statements/.lake/build/ir/TwinWidthTreewidthExponentialRedemption/Statements.c --setup /home/ebonnet/Bitbucket/leaning/twin-width/twin-width-treewidth-exponential-redemption-package/statements/.lake/build/ir/TwinWidthTreewidthExponentialRedemption/Statements.setup.json --json",
   "level": "trace"}],
 "inputs":
 [["TwinWidthTreewidthExponentialRedemption.Statements:deps",
   [["deps",
     [["TwinWidthTreewidthExponentialRedemption.Statements/TwinWidthTreewidthExponentialRedemption.Statements:extraDep",
       [["@TwinWidthTreewidthExponentialRedemption.Statements:extraDep",
         "00000000000006bb"]]],
      ["imports",
       [["TwinWidthTreewidthExponentialRedemption.Statements.ContractedBlack transitive imports (legacy)",
         "fef2be70724cba17"],
        ["TwinWidthTreewidthExponentialRedemption.Statements.ContractedBlack:importAllArts",
         "12170af03b2083ca"],
        ["TwinWidthTreewidthExponentialRedemption.Statements.ContractedRed transitive imports (legacy)",
         "ab560302a23c0891"],
        ["TwinWidthTreewidthExponentialRedemption.Statements.ContractedRed:importAllArts",
         "fec7180e4a50053e"],
        ["TwinWidthTreewidthExponentialRedemption.Statements.ContractionSequenceWidth transitive imports (legacy)",
         "f8b790a2b15ee322"],
        ["TwinWidthTreewidthExponentialRedemption.Statements.ContractionSequenceWidth:importAllArts",
         "6c5ab3d4d507dbcf"],
        ["TwinWidthTreewidthExponentialRedemption.Statements.TreeDecompositionWidth transitive imports (legacy)",
         "8442f2d6cff33e84"],
        ["TwinWidthTreewidthExponentialRedemption.Statements.TreeDecompositionWidth:importAllArts",
         "89d46022238326b3"],
        ["TwinWidthTreewidthExponentialRedemption.Statements.ContractionStep transitive imports (legacy)",
         "f6c30a6eae23792b"],
        ["TwinWidthTreewidthExponentialRedemption.Statements.ContractionStep:importAllArts",
         "58a963f55e9e7b51"],
        ["TwinWidthTreewidthExponentialRedemption.Statements.FinalTrigraphState transitive imports (legacy)",
         "fa640ba2218374f0"],
        ["TwinWidthTreewidthExponentialRedemption.Statements.FinalTrigraphState:importAllArts",
         "540c3fa0e0b21a7f"],
        ["TwinWidthTreewidthExponentialRedemption.Statements.InitialTrigraphState transitive imports (legacy)",
         "39edc864b4d61e35"],
        ["TwinWidthTreewidthExponentialRedemption.Statements.InitialTrigraphState:importAllArts",
         "33168cd25f248aaa"],
        ["TwinWidthTreewidthExponentialRedemption.Statements.TrigraphState transitive imports (legacy)",
         "ab560302a23c0891"],
        ["TwinWidthTreewidthExponentialRedemption.Statements.TrigraphState:importAllArts",
         "a1f6df2049d47904"],
        ["TwinWidthTreewidthExponentialRedemption.Statements.Main transitive imports (legacy)",
         "6b1806e729f70aae"],
        ["TwinWidthTreewidthExponentialRedemption.Statements.Main:importAllArts",
         "6529e15076dcc8b1"],
        ["TwinWidthTreewidthExponentialRedemption.Statements.RedDegree transitive imports (legacy)",
         "fa640ba2218374f0"],
        ["TwinWidthTreewidthExponentialRedemption.Statements.RedDegree:importAllArts",
         "424b561f20f85dfb"],
        ["TwinWidthTreewidthExponentialRedemption.Statements.SingletonBags transitive imports (legacy)",
         "a71ee5ada2003ccb"],
        ["TwinWidthTreewidthExponentialRedemption.Statements.SingletonBags:importAllArts",
         "3506767d83098bf1"],
        ["TwinWidthTreewidthExponentialRedemption.Statements.Treewidth transitive imports (legacy)",
         "0cd2236a205a0741"],
        ["TwinWidthTreewidthExponentialRedemption.Statements.Treewidth:importAllArts",
         "ab5dadeab23fe2b5"],
        ["TwinWidthTreewidthExponentialRedemption.Statements.TwinWidth transitive imports (legacy)",
         "5763824edf8e351a"],
        ["TwinWidthTreewidthExponentialRedemption.Statements.TwinWidth:importAllArts",
         "1421d02df0be5cc1"]]]]],
    ["libs",
     [["import dynlibs", "00000000000006bb"],
      ["package external libraries", "00000000000006bb"],
      ["module dynlibs", "00000000000006bb"],
      ["module plugins", "00000000000006bb"]]]]],
  ["Lean 4.30.0, commit d024af099ca4bf2c86f649261ebf59565dc8c622",
   "2f4703bb19086252"],
  ["/home/ebonnet/Bitbucket/leaning/twin-width/twin-width-treewidth-exponential-redemption-package/statements/TwinWidthTreewidthExponentialRedemption/Statements.lean",
   "c9c7b457d1fd8f17"],
  ["options", "00000000000006bb"],
  ["isModule: false", "feefd2a0d3a1847e"],
  ["Module.name: TwinWidthTreewidthExponentialRedemption.Statements",
   "245beda3b96365a1"],
  ["Package.id?: (some TwinWidthTreewidthExponentialRedemption.Statements)",
   "bfb5b17f1de87276"],
  ["Module.leanArgs: #[]", "00000000000006bb"]],
 "depHash": "c84ef72c4b9c85d9"}