{"synthetic": false,
 "schemaVersion": "2025-09-10",
 "outputs":
 {"o": ["ee9d0526f6cebd80.olean"],
  "m": false,
  "i": "3619825202edc32a.ilean",
  "c": "d15ffdd43b76e270.c"},
 "log":
 [{"message":
   ".> LEAN_PATH=/home/ebonnet/Bitbucket/leaning/twin-width/twin-width-mixed-minor-number-equivalence-redemption-package/proofs/.lake/packages/Cli/.lake/build/lib/lean:/home/ebonnet/Bitbucket/leaning/twin-width/twin-width-mixed-minor-number-equivalence-redemption-package/proofs/.lake/packages/batteries/.lake/build/lib/lean:/home/ebonnet/Bitbucket/leaning/twin-width/twin-width-mixed-minor-number-equivalence-redemption-package/proofs/.lake/packages/Qq/.lake/build/lib/lean:/home/ebonnet/Bitbucket/leaning/twin-width/twin-width-mixed-minor-number-equivalence-redemption-package/proofs/.lake/packages/aesop/.lake/build/lib/lean:/home/ebonnet/Bitbucket/leaning/twin-width/twin-width-mixed-minor-number-equivalence-redemption-package/proofs/.lake/packages/proofwidgets/.lake/build/lib/lean:/home/ebonnet/Bitbucket/leaning/twin-width/twin-width-mixed-minor-number-equivalence-redemption-package/proofs/.lake/packages/importGraph/.lake/build/lib/lean:/home/ebonnet/Bitbucket/leaning/twin-width/twin-width-mixed-minor-number-equivalence-redemption-package/proofs/.lake/packages/LeanSearchClient/.lake/build/lib/lean:/home/ebonnet/Bitbucket/leaning/twin-width/twin-width-mixed-minor-number-equivalence-redemption-package/proofs/.lake/packages/plausible/.lake/build/lib/lean:/home/ebonnet/Bitbucket/leaning/twin-width/twin-width-mixed-minor-number-equivalence-redemption-package/proofs/.lake/packages/mathlib/.lake/build/lib/lean:/home/ebonnet/Bitbucket/leaning/twin-width/twin-width-mixed-minor-number-equivalence-redemption-package/statements/.lake/build/lib/lean:/home/ebonnet/Bitbucket/leaning/twin-width/twin-width-mixed-minor-number-equivalence-redemption-package/proofs/.lake/packages/TwinWidthTreewidthExponentialRedemption2.Statements/twin-width/twin-width-treewidth-exponential-redemption-2-package/statements/.lake/build/lib/lean:/home/ebonnet/Bitbucket/leaning/twin-width/twin-width-mixed-minor-number-equivalence-redemption-package/proofs/.lake/build/lib/lean /home/ebonnet/.elan/toolchains/leanprover--lean4---v4.30.0/bin/lean /home/ebonnet/Bitbucket/leaning/twin-width/twin-width-mixed-minor-number-equivalence-redemption-package/proofs/../source/TwinWidthMixedMinorNumberEquivalenceRedemption/Source/TwinWidth/Equivalence/MixedToTwinWidth.lean -o /home/ebonnet/Bitbucket/leaning/twin-width/twin-width-mixed-minor-number-equivalence-redemption-package/proofs/.lake/build/lib/lean/TwinWidthMixedMinorNumberEquivalenceRedemption/Source/TwinWidth/Equivalence/MixedToTwinWidth.olean -i /home/ebonnet/Bitbucket/leaning/twin-width/twin-width-mixed-minor-number-equivalence-redemption-package/proofs/.lake/build/lib/lean/TwinWidthMixedMinorNumberEquivalenceRedemption/Source/TwinWidth/Equivalence/MixedToTwinWidth.ilean -c /home/ebonnet/Bitbucket/leaning/twin-width/twin-width-mixed-minor-number-equivalence-redemption-package/proofs/.lake/build/ir/TwinWidthMixedMinorNumberEquivalenceRedemption/Source/TwinWidth/Equivalence/MixedToTwinWidth.c --setup /home/ebonnet/Bitbucket/leaning/twin-width/twin-width-mixed-minor-number-equivalence-redemption-package/proofs/.lake/build/ir/TwinWidthMixedMinorNumberEquivalenceRedemption/Source/TwinWidth/Equivalence/MixedToTwinWidth.setup.json --json",
   "level": "trace"}],
 "inputs":
 [["TwinWidthMixedMinorNumberEquivalenceRedemption.Source.TwinWidth.Equivalence.MixedToTwinWidth:deps",
   [["deps",
     [["TwinWidthMixedMinorNumberEquivalenceRedemption.Proofs/TwinWidthMixedMinorNumberEquivalenceRedemption.Source:extraDep",
       [["@TwinWidthMixedMinorNumberEquivalenceRedemption.Proofs:extraDep",
         "00000000000006bb"]]],
      ["imports",
       [["TwinWidthMixedMinorNumberEquivalenceRedemption.Source.TwinWidth.Equivalence.TwinWidthToMixed transitive imports (legacy)",
         "f9e7601e3bbf7de7"],
        ["TwinWidthMixedMinorNumberEquivalenceRedemption.Source.TwinWidth.Equivalence.TwinWidthToMixed:importAllArts",
         "f04cdf43674e2a72"],
        ["TwinWidthMixedMinorNumberEquivalenceRedemption.Source.TwinWidth.Graph.Theorem14 transitive imports (legacy)",
         "0aead233c181dd33"],
        ["TwinWidthMixedMinorNumberEquivalenceRedemption.Source.TwinWidth.Graph.Theorem14:importAllArts",
         "629bf53ec398228d"]]]]],
    ["libs",
     [["import dynlibs", "00000000000006bb"],
      ["package external libraries", "00000000000006bb"],
      ["module dynlibs", "00000000000006bb"],
      ["module plugins", "00000000000006bb"]]]]],
  ["Lean 4.30.0, commit d024af099ca4bf2c86f649261ebf59565dc8c622",
   "2f4703bb19086252"],
  ["/home/ebonnet/Bitbucket/leaning/twin-width/twin-width-mixed-minor-number-equivalence-redemption-package/proofs/../source/TwinWidthMixedMinorNumberEquivalenceRedemption/Source/TwinWidth/Equivalence/MixedToTwinWidth.lean",
   "80285e4d92c298dd"],
  ["options", "00000000000006bb"],
  ["isModule: false", "feefd2a0d3a1847e"],
  ["Module.name: TwinWidthMixedMinorNumberEquivalenceRedemption.Source.TwinWidth.Equivalence.MixedToTwinWidth",
   "6e1461059a46791a"],
  ["Package.id?: (some TwinWidthMixedMinorNumberEquivalenceRedemption.Proofs)",
   "b53c288cba83af31"],
  ["Module.leanArgs: #[]", "00000000000006bb"]],
 "depHash": "0a6ab198c541fca3"}