{"synthetic": false,
 "schemaVersion": "2025-09-10",
 "outputs":
 {"o": ["0c6ba48e240ded85.olean"],
  "m": false,
  "i": "bd98ef17677db4fc.ilean",
  "c": "50d11f3ac46dfe0f.c"},
 "log":
 [{"message":
   ".> LEAN_PATH=/home/ebonnet/Bitbucket/leaning/twin-width/twin-width-mixed-minor-number-equivalence-redemption-package/statements/.lake/packages/Cli/.lake/build/lib/lean:/home/ebonnet/Bitbucket/leaning/twin-width/twin-width-mixed-minor-number-equivalence-redemption-package/statements/.lake/packages/batteries/.lake/build/lib/lean:/home/ebonnet/Bitbucket/leaning/twin-width/twin-width-mixed-minor-number-equivalence-redemption-package/statements/.lake/packages/Qq/.lake/build/lib/lean:/home/ebonnet/Bitbucket/leaning/twin-width/twin-width-mixed-minor-number-equivalence-redemption-package/statements/.lake/packages/aesop/.lake/build/lib/lean:/home/ebonnet/Bitbucket/leaning/twin-width/twin-width-mixed-minor-number-equivalence-redemption-package/statements/.lake/packages/proofwidgets/.lake/build/lib/lean:/home/ebonnet/Bitbucket/leaning/twin-width/twin-width-mixed-minor-number-equivalence-redemption-package/statements/.lake/packages/importGraph/.lake/build/lib/lean:/home/ebonnet/Bitbucket/leaning/twin-width/twin-width-mixed-minor-number-equivalence-redemption-package/statements/.lake/packages/LeanSearchClient/.lake/build/lib/lean:/home/ebonnet/Bitbucket/leaning/twin-width/twin-width-mixed-minor-number-equivalence-redemption-package/statements/.lake/packages/plausible/.lake/build/lib/lean:/home/ebonnet/Bitbucket/leaning/twin-width/twin-width-mixed-minor-number-equivalence-redemption-package/statements/.lake/packages/mathlib/.lake/build/lib/lean:/home/ebonnet/Bitbucket/leaning/twin-width/twin-width-mixed-minor-number-equivalence-redemption-package/statements/.lake/packages/TwinWidthTreewidthExponentialRedemption2.Statements/twin-width/twin-width-treewidth-exponential-redemption-2-package/statements/.lake/build/lib/lean:/home/ebonnet/Bitbucket/leaning/twin-width/twin-width-mixed-minor-number-equivalence-redemption-package/statements/.lake/build/lib/lean /home/ebonnet/.elan/toolchains/leanprover--lean4---v4.30.0/bin/lean /home/ebonnet/Bitbucket/leaning/twin-width/twin-width-mixed-minor-number-equivalence-redemption-package/statements/TwinWidthMixedMinorNumberEquivalenceRedemption/Statements/Matrix/Cell.lean -o /home/ebonnet/Bitbucket/leaning/twin-width/twin-width-mixed-minor-number-equivalence-redemption-package/statements/.lake/build/lib/lean/TwinWidthMixedMinorNumberEquivalenceRedemption/Statements/Matrix/Cell.olean -i /home/ebonnet/Bitbucket/leaning/twin-width/twin-width-mixed-minor-number-equivalence-redemption-package/statements/.lake/build/lib/lean/TwinWidthMixedMinorNumberEquivalenceRedemption/Statements/Matrix/Cell.ilean -c /home/ebonnet/Bitbucket/leaning/twin-width/twin-width-mixed-minor-number-equivalence-redemption-package/statements/.lake/build/ir/TwinWidthMixedMinorNumberEquivalenceRedemption/Statements/Matrix/Cell.c --setup /home/ebonnet/Bitbucket/leaning/twin-width/twin-width-mixed-minor-number-equivalence-redemption-package/statements/.lake/build/ir/TwinWidthMixedMinorNumberEquivalenceRedemption/Statements/Matrix/Cell.setup.json --json",
   "level": "trace"}],
 "inputs":
 [["TwinWidthMixedMinorNumberEquivalenceRedemption.Statements.Matrix.Cell:deps",
   [["deps",
     [["TwinWidthMixedMinorNumberEquivalenceRedemption.Statements/TwinWidthMixedMinorNumberEquivalenceRedemption.Statements:extraDep",
       [["@TwinWidthMixedMinorNumberEquivalenceRedemption.Statements:extraDep",
         "00000000000006bb"]]],
      ["imports",
       [["Mathlib.Data.Matrix.Basic transitive imports (legacy)",
         "f5649f3e7d824ace"],
        ["Mathlib.Data.Matrix.Basic:importAllArts", "c60fb0e192c5be5e"],
        ["TwinWidthMixedMinorNumberEquivalenceRedemption.Statements.IntervalDivision transitive imports (legacy)",
         "ab560302a23c0891"],
        ["TwinWidthMixedMinorNumberEquivalenceRedemption.Statements.IntervalDivision:importAllArts",
         "85493bea5e23fbbc"]]]]],
    ["libs",
     [["import dynlibs", "00000000000006bb"],
      ["package external libraries", "00000000000006bb"],
      ["module dynlibs", "00000000000006bb"],
      ["module plugins", "00000000000006bb"]]]]],
  ["Lean 4.30.0, commit d024af099ca4bf2c86f649261ebf59565dc8c622",
   "2f4703bb19086252"],
  ["/home/ebonnet/Bitbucket/leaning/twin-width/twin-width-mixed-minor-number-equivalence-redemption-package/statements/TwinWidthMixedMinorNumberEquivalenceRedemption/Statements/Matrix/Cell.lean",
   "3c8e8fac57a2e3a2"],
  ["options", "00000000000006bb"],
  ["isModule: false", "feefd2a0d3a1847e"],
  ["Module.name: TwinWidthMixedMinorNumberEquivalenceRedemption.Statements.Matrix.Cell",
   "532e24e5a4b7ce6b"],
  ["Package.id?: (some TwinWidthMixedMinorNumberEquivalenceRedemption.Statements)",
   "e67fc0e7c5e7e466"],
  ["Module.leanArgs: #[]", "00000000000006bb"]],
 "depHash": "dfbbfdb2c45d1e9a"}