{"synthetic": false,
 "schemaVersion": "2025-09-10",
 "outputs":
 {"o": ["9eb9a3e50f6a34bb.olean"],
  "m": false,
  "i": "5c36dbbc357099b7.ilean",
  "c": "b8a010065d535ebb.c"},
 "log":
 [{"message":
   ".> LEAN_PATH=/home/ebonnet/Bitbucket/leaning/twin-width/twin-width-mixed-minor-number-equivalence-redemption-package/statements/.lake/packages/Cli/.lake/build/lib/lean:/home/ebonnet/Bitbucket/leaning/twin-width/twin-width-mixed-minor-number-equivalence-redemption-package/statements/.lake/packages/batteries/.lake/build/lib/lean:/home/ebonnet/Bitbucket/leaning/twin-width/twin-width-mixed-minor-number-equivalence-redemption-package/statements/.lake/packages/Qq/.lake/build/lib/lean:/home/ebonnet/Bitbucket/leaning/twin-width/twin-width-mixed-minor-number-equivalence-redemption-package/statements/.lake/packages/aesop/.lake/build/lib/lean:/home/ebonnet/Bitbucket/leaning/twin-width/twin-width-mixed-minor-number-equivalence-redemption-package/statements/.lake/packages/proofwidgets/.lake/build/lib/lean:/home/ebonnet/Bitbucket/leaning/twin-width/twin-width-mixed-minor-number-equivalence-redemption-package/statements/.lake/packages/importGraph/.lake/build/lib/lean:/home/ebonnet/Bitbucket/leaning/twin-width/twin-width-mixed-minor-number-equivalence-redemption-package/statements/.lake/packages/LeanSearchClient/.lake/build/lib/lean:/home/ebonnet/Bitbucket/leaning/twin-width/twin-width-mixed-minor-number-equivalence-redemption-package/statements/.lake/packages/plausible/.lake/build/lib/lean:/home/ebonnet/Bitbucket/leaning/twin-width/twin-width-mixed-minor-number-equivalence-redemption-package/statements/.lake/packages/mathlib/.lake/build/lib/lean:/home/ebonnet/Bitbucket/leaning/twin-width/twin-width-mixed-minor-number-equivalence-redemption-package/statements/.lake/packages/TwinWidthTreewidthExponentialRedemption2.Statements/twin-width/twin-width-treewidth-exponential-redemption-2-package/statements/.lake/build/lib/lean:/home/ebonnet/Bitbucket/leaning/twin-width/twin-width-mixed-minor-number-equivalence-redemption-package/statements/.lake/build/lib/lean /home/ebonnet/.elan/toolchains/leanprover--lean4---v4.30.0/bin/lean /home/ebonnet/Bitbucket/leaning/twin-width/twin-width-mixed-minor-number-equivalence-redemption-package/statements/TwinWidthMixedMinorNumberEquivalenceRedemption/Statements/Matrix/MixedMinor.lean -o /home/ebonnet/Bitbucket/leaning/twin-width/twin-width-mixed-minor-number-equivalence-redemption-package/statements/.lake/build/lib/lean/TwinWidthMixedMinorNumberEquivalenceRedemption/Statements/Matrix/MixedMinor.olean -i /home/ebonnet/Bitbucket/leaning/twin-width/twin-width-mixed-minor-number-equivalence-redemption-package/statements/.lake/build/lib/lean/TwinWidthMixedMinorNumberEquivalenceRedemption/Statements/Matrix/MixedMinor.ilean -c /home/ebonnet/Bitbucket/leaning/twin-width/twin-width-mixed-minor-number-equivalence-redemption-package/statements/.lake/build/ir/TwinWidthMixedMinorNumberEquivalenceRedemption/Statements/Matrix/MixedMinor.c --setup /home/ebonnet/Bitbucket/leaning/twin-width/twin-width-mixed-minor-number-equivalence-redemption-package/statements/.lake/build/ir/TwinWidthMixedMinorNumberEquivalenceRedemption/Statements/Matrix/MixedMinor.setup.json --json",
   "level": "trace"}],
 "inputs":
 [["TwinWidthMixedMinorNumberEquivalenceRedemption.Statements.Matrix.MixedMinor:deps",
   [["deps",
     [["TwinWidthMixedMinorNumberEquivalenceRedemption.Statements/TwinWidthMixedMinorNumberEquivalenceRedemption.Statements:extraDep",
       [["@TwinWidthMixedMinorNumberEquivalenceRedemption.Statements:extraDep",
         "00000000000006bb"]]],
      ["imports",
       [["TwinWidthMixedMinorNumberEquivalenceRedemption.Statements.Matrix.MixedCell transitive imports (legacy)",
         "3d7c0a12df1e327b"],
        ["TwinWidthMixedMinorNumberEquivalenceRedemption.Statements.Matrix.MixedCell:importAllArts",
         "f7487e58d6ef8b15"]]]]],
    ["libs",
     [["import dynlibs", "00000000000006bb"],
      ["package external libraries", "00000000000006bb"],
      ["module dynlibs", "00000000000006bb"],
      ["module plugins", "00000000000006bb"]]]]],
  ["Lean 4.30.0, commit d024af099ca4bf2c86f649261ebf59565dc8c622",
   "2f4703bb19086252"],
  ["/home/ebonnet/Bitbucket/leaning/twin-width/twin-width-mixed-minor-number-equivalence-redemption-package/statements/TwinWidthMixedMinorNumberEquivalenceRedemption/Statements/Matrix/MixedMinor.lean",
   "6330ee515d8bde02"],
  ["options", "00000000000006bb"],
  ["isModule: false", "feefd2a0d3a1847e"],
  ["Module.name: TwinWidthMixedMinorNumberEquivalenceRedemption.Statements.Matrix.MixedMinor",
   "f06bea5c70c766a1"],
  ["Package.id?: (some TwinWidthMixedMinorNumberEquivalenceRedemption.Statements)",
   "e67fc0e7c5e7e466"],
  ["Module.leanArgs: #[]", "00000000000006bb"]],
 "depHash": "18813bca67e83190"}