{"synthetic": false,
 "schemaVersion": "2025-09-10",
 "outputs":
 {"o": ["cd135926ddfcc90d.olean"],
  "m": false,
  "i": "d5ba7f646b35fed4.ilean",
  "c": "c67c07a9fb57cdfe.c"},
 "log":
 [{"message":
   ".> LEAN_PATH=/home/ebonnet/Bitbucket/leaning/twin-width/twin-width-mixed-minor-number-equivalence-redemption-package/statements/.lake/packages/Cli/.lake/build/lib/lean:/home/ebonnet/Bitbucket/leaning/twin-width/twin-width-mixed-minor-number-equivalence-redemption-package/statements/.lake/packages/batteries/.lake/build/lib/lean:/home/ebonnet/Bitbucket/leaning/twin-width/twin-width-mixed-minor-number-equivalence-redemption-package/statements/.lake/packages/Qq/.lake/build/lib/lean:/home/ebonnet/Bitbucket/leaning/twin-width/twin-width-mixed-minor-number-equivalence-redemption-package/statements/.lake/packages/aesop/.lake/build/lib/lean:/home/ebonnet/Bitbucket/leaning/twin-width/twin-width-mixed-minor-number-equivalence-redemption-package/statements/.lake/packages/proofwidgets/.lake/build/lib/lean:/home/ebonnet/Bitbucket/leaning/twin-width/twin-width-mixed-minor-number-equivalence-redemption-package/statements/.lake/packages/importGraph/.lake/build/lib/lean:/home/ebonnet/Bitbucket/leaning/twin-width/twin-width-mixed-minor-number-equivalence-redemption-package/statements/.lake/packages/LeanSearchClient/.lake/build/lib/lean:/home/ebonnet/Bitbucket/leaning/twin-width/twin-width-mixed-minor-number-equivalence-redemption-package/statements/.lake/packages/plausible/.lake/build/lib/lean:/home/ebonnet/Bitbucket/leaning/twin-width/twin-width-mixed-minor-number-equivalence-redemption-package/statements/.lake/packages/mathlib/.lake/build/lib/lean:/home/ebonnet/Bitbucket/leaning/twin-width/twin-width-mixed-minor-number-equivalence-redemption-package/statements/.lake/packages/TwinWidthTreewidthExponentialRedemption2.Statements/twin-width/twin-width-treewidth-exponential-redemption-2-package/statements/.lake/build/lib/lean:/home/ebonnet/Bitbucket/leaning/twin-width/twin-width-mixed-minor-number-equivalence-redemption-package/statements/.lake/build/lib/lean /home/ebonnet/.elan/toolchains/leanprover--lean4---v4.30.0/bin/lean /home/ebonnet/Bitbucket/leaning/twin-width/twin-width-mixed-minor-number-equivalence-redemption-package/statements/TwinWidthMixedMinorNumberEquivalenceRedemption/Statements/Matrix/OrderedAdjacencyMixedNumber.lean -o /home/ebonnet/Bitbucket/leaning/twin-width/twin-width-mixed-minor-number-equivalence-redemption-package/statements/.lake/build/lib/lean/TwinWidthMixedMinorNumberEquivalenceRedemption/Statements/Matrix/OrderedAdjacencyMixedNumber.olean -i /home/ebonnet/Bitbucket/leaning/twin-width/twin-width-mixed-minor-number-equivalence-redemption-package/statements/.lake/build/lib/lean/TwinWidthMixedMinorNumberEquivalenceRedemption/Statements/Matrix/OrderedAdjacencyMixedNumber.ilean -c /home/ebonnet/Bitbucket/leaning/twin-width/twin-width-mixed-minor-number-equivalence-redemption-package/statements/.lake/build/ir/TwinWidthMixedMinorNumberEquivalenceRedemption/Statements/Matrix/OrderedAdjacencyMixedNumber.c --setup /home/ebonnet/Bitbucket/leaning/twin-width/twin-width-mixed-minor-number-equivalence-redemption-package/statements/.lake/build/ir/TwinWidthMixedMinorNumberEquivalenceRedemption/Statements/Matrix/OrderedAdjacencyMixedNumber.setup.json --json",
   "level": "trace"}],
 "inputs":
 [["TwinWidthMixedMinorNumberEquivalenceRedemption.Statements.Matrix.OrderedAdjacencyMixedNumber:deps",
   [["deps",
     [["TwinWidthMixedMinorNumberEquivalenceRedemption.Statements/TwinWidthMixedMinorNumberEquivalenceRedemption.Statements:extraDep",
       [["@TwinWidthMixedMinorNumberEquivalenceRedemption.Statements:extraDep",
         "00000000000006bb"]]],
      ["imports",
       [["TwinWidthMixedMinorNumberEquivalenceRedemption.Statements.Matrix.MixedNumber transitive imports (legacy)",
         "e5235bd48c9d3a48"],
        ["TwinWidthMixedMinorNumberEquivalenceRedemption.Statements.Matrix.MixedNumber:importAllArts",
         "63d8329a17efbe92"],
        ["TwinWidthMixedMinorNumberEquivalenceRedemption.Statements.Matrix.OrderedAdjacency transitive imports (legacy)",
         "79c8326a28c9d19b"],
        ["TwinWidthMixedMinorNumberEquivalenceRedemption.Statements.Matrix.OrderedAdjacency:importAllArts",
         "4f06c880a29e302c"]]]]],
    ["libs",
     [["import dynlibs", "00000000000006bb"],
      ["package external libraries", "00000000000006bb"],
      ["module dynlibs", "00000000000006bb"],
      ["module plugins", "00000000000006bb"]]]]],
  ["Lean 4.30.0, commit d024af099ca4bf2c86f649261ebf59565dc8c622",
   "2f4703bb19086252"],
  ["/home/ebonnet/Bitbucket/leaning/twin-width/twin-width-mixed-minor-number-equivalence-redemption-package/statements/TwinWidthMixedMinorNumberEquivalenceRedemption/Statements/Matrix/OrderedAdjacencyMixedNumber.lean",
   "6df28dd67d79d339"],
  ["options", "00000000000006bb"],
  ["isModule: false", "feefd2a0d3a1847e"],
  ["Module.name: TwinWidthMixedMinorNumberEquivalenceRedemption.Statements.Matrix.OrderedAdjacencyMixedNumber",
   "2e5b363493ddeff2"],
  ["Package.id?: (some TwinWidthMixedMinorNumberEquivalenceRedemption.Statements)",
   "e67fc0e7c5e7e466"],
  ["Module.leanArgs: #[]", "00000000000006bb"]],
 "depHash": "19195e91000d0077"}