{"synthetic": false,
 "schemaVersion": "2025-09-10",
 "outputs":
 {"o": ["9c76aa508e3948e1.olean"],
  "m": false,
  "i": "7df050db41db2917.ilean",
  "c": "167c7d780eb0a377.c"},
 "log":
 [{"message":
   ".> LEAN_PATH=/home/ebonnet/Bitbucket/leaning/twin-width/twin-width-treewidth-exponential-redemption-package/proofs/.lake/packages/Cli/.lake/build/lib/lean:/home/ebonnet/Bitbucket/leaning/twin-width/twin-width-treewidth-exponential-redemption-package/proofs/.lake/packages/batteries/.lake/build/lib/lean:/home/ebonnet/Bitbucket/leaning/twin-width/twin-width-treewidth-exponential-redemption-package/proofs/.lake/packages/Qq/.lake/build/lib/lean:/home/ebonnet/Bitbucket/leaning/twin-width/twin-width-treewidth-exponential-redemption-package/proofs/.lake/packages/aesop/.lake/build/lib/lean:/home/ebonnet/Bitbucket/leaning/twin-width/twin-width-treewidth-exponential-redemption-package/proofs/.lake/packages/proofwidgets/.lake/build/lib/lean:/home/ebonnet/Bitbucket/leaning/twin-width/twin-width-treewidth-exponential-redemption-package/proofs/.lake/packages/importGraph/.lake/build/lib/lean:/home/ebonnet/Bitbucket/leaning/twin-width/twin-width-treewidth-exponential-redemption-package/proofs/.lake/packages/LeanSearchClient/.lake/build/lib/lean:/home/ebonnet/Bitbucket/leaning/twin-width/twin-width-treewidth-exponential-redemption-package/proofs/.lake/packages/plausible/.lake/build/lib/lean:/home/ebonnet/Bitbucket/leaning/twin-width/twin-width-treewidth-exponential-redemption-package/proofs/.lake/packages/mathlib/.lake/build/lib/lean:/home/ebonnet/Bitbucket/leaning/twin-width/twin-width-treewidth-exponential-redemption-package/statements/.lake/build/lib/lean:/home/ebonnet/Bitbucket/leaning/twin-width/twin-width-treewidth-exponential-redemption-package/proofs/.lake/build/lib/lean /home/ebonnet/.elan/toolchains/leanprover--lean4---v4.30.0/bin/lean /home/ebonnet/Bitbucket/leaning/twin-width/twin-width-treewidth-exponential-redemption-package/statements/../source/TwinWidthTreewidthExponentialRedemption/Statements/Source/TwinWidth/Graph/TreewidthContract.lean -o /home/ebonnet/Bitbucket/leaning/twin-width/twin-width-treewidth-exponential-redemption-package/statements/.lake/build/lib/lean/TwinWidthTreewidthExponentialRedemption/Statements/Source/TwinWidth/Graph/TreewidthContract.olean -i /home/ebonnet/Bitbucket/leaning/twin-width/twin-width-treewidth-exponential-redemption-package/statements/.lake/build/lib/lean/TwinWidthTreewidthExponentialRedemption/Statements/Source/TwinWidth/Graph/TreewidthContract.ilean -c /home/ebonnet/Bitbucket/leaning/twin-width/twin-width-treewidth-exponential-redemption-package/statements/.lake/build/ir/TwinWidthTreewidthExponentialRedemption/Statements/Source/TwinWidth/Graph/TreewidthContract.c --setup /home/ebonnet/Bitbucket/leaning/twin-width/twin-width-treewidth-exponential-redemption-package/statements/.lake/build/ir/TwinWidthTreewidthExponentialRedemption/Statements/Source/TwinWidth/Graph/TreewidthContract.setup.json --json",
   "level": "trace"}],
 "inputs":
 [["TwinWidthTreewidthExponentialRedemption.Statements.Source.TwinWidth.Graph.TreewidthContract:deps",
   [["deps",
     [["TwinWidthTreewidthExponentialRedemption.Statements/TwinWidthTreewidthExponentialRedemption.Statements.Source:extraDep",
       [["@TwinWidthTreewidthExponentialRedemption.Statements:extraDep",
         "00000000000006bb"]]],
      ["imports",
       [["Mathlib.Combinatorics.SimpleGraph.Acyclic transitive imports (legacy)",
         "562fa588e28b2853"],
        ["Mathlib.Combinatorics.SimpleGraph.Acyclic:importAllArts",
         "8822ddca8e396971"],
        ["TwinWidthTreewidthExponentialRedemption.Statements.Source.TwinWidth.Contraction.TwinWidth transitive imports (legacy)",
         "fbbcace6159b3d1e"],
        ["TwinWidthTreewidthExponentialRedemption.Statements.Source.TwinWidth.Contraction.TwinWidth:importAllArts",
         "eb29dfdf776259a0"]]]]],
    ["libs",
     [["import dynlibs", "00000000000006bb"],
      ["package external libraries", "00000000000006bb"],
      ["module dynlibs", "00000000000006bb"],
      ["module plugins", "00000000000006bb"]]]]],
  ["Lean 4.30.0, commit d024af099ca4bf2c86f649261ebf59565dc8c622",
   "2f4703bb19086252"],
  ["/home/ebonnet/Bitbucket/leaning/twin-width/twin-width-treewidth-exponential-redemption-package/statements/../source/TwinWidthTreewidthExponentialRedemption/Statements/Source/TwinWidth/Graph/TreewidthContract.lean",
   "61a67d9f82c22de8"],
  ["options", "00000000000006bb"],
  ["isModule: false", "feefd2a0d3a1847e"],
  ["Module.name: TwinWidthTreewidthExponentialRedemption.Statements.Source.TwinWidth.Graph.TreewidthContract",
   "f78fa808ee86ce3b"],
  ["Package.id?: (some TwinWidthTreewidthExponentialRedemption.Statements)",
   "bfb5b17f1de87276"],
  ["Module.leanArgs: #[]", "00000000000006bb"]],
 "depHash": "b38685602b5863f5"}