{"synthetic": false,
 "schemaVersion": "2025-09-10",
 "outputs":
 {"o": ["cb75ba7af3aa39fb.olean"],
  "m": false,
  "i": "8e2ec1022e5889ba.ilean",
  "c": "47e08015bb3f75b4.c"},
 "log":
 [{"message":
   ".> LEAN_PATH=/home/ebonnet/Bitbucket/leaning/twin-width/twin-width-treewidth-exponential-redemption-package/proofs/.lake/packages/Cli/.lake/build/lib/lean:/home/ebonnet/Bitbucket/leaning/twin-width/twin-width-treewidth-exponential-redemption-package/proofs/.lake/packages/batteries/.lake/build/lib/lean:/home/ebonnet/Bitbucket/leaning/twin-width/twin-width-treewidth-exponential-redemption-package/proofs/.lake/packages/Qq/.lake/build/lib/lean:/home/ebonnet/Bitbucket/leaning/twin-width/twin-width-treewidth-exponential-redemption-package/proofs/.lake/packages/aesop/.lake/build/lib/lean:/home/ebonnet/Bitbucket/leaning/twin-width/twin-width-treewidth-exponential-redemption-package/proofs/.lake/packages/proofwidgets/.lake/build/lib/lean:/home/ebonnet/Bitbucket/leaning/twin-width/twin-width-treewidth-exponential-redemption-package/proofs/.lake/packages/importGraph/.lake/build/lib/lean:/home/ebonnet/Bitbucket/leaning/twin-width/twin-width-treewidth-exponential-redemption-package/proofs/.lake/packages/LeanSearchClient/.lake/build/lib/lean:/home/ebonnet/Bitbucket/leaning/twin-width/twin-width-treewidth-exponential-redemption-package/proofs/.lake/packages/plausible/.lake/build/lib/lean:/home/ebonnet/Bitbucket/leaning/twin-width/twin-width-treewidth-exponential-redemption-package/proofs/.lake/packages/mathlib/.lake/build/lib/lean:/home/ebonnet/Bitbucket/leaning/twin-width/twin-width-treewidth-exponential-redemption-package/statements/.lake/build/lib/lean:/home/ebonnet/Bitbucket/leaning/twin-width/twin-width-treewidth-exponential-redemption-package/proofs/.lake/build/lib/lean /home/ebonnet/.elan/toolchains/leanprover--lean4---v4.30.0/bin/lean /home/ebonnet/Bitbucket/leaning/twin-width/twin-width-treewidth-exponential-redemption-package/proofs/TwinWidthTreewidthExponentialRedemption/Proofs/Main.lean -o /home/ebonnet/Bitbucket/leaning/twin-width/twin-width-treewidth-exponential-redemption-package/proofs/.lake/build/lib/lean/TwinWidthTreewidthExponentialRedemption/Proofs/Main.olean -i /home/ebonnet/Bitbucket/leaning/twin-width/twin-width-treewidth-exponential-redemption-package/proofs/.lake/build/lib/lean/TwinWidthTreewidthExponentialRedemption/Proofs/Main.ilean -c /home/ebonnet/Bitbucket/leaning/twin-width/twin-width-treewidth-exponential-redemption-package/proofs/.lake/build/ir/TwinWidthTreewidthExponentialRedemption/Proofs/Main.c --setup /home/ebonnet/Bitbucket/leaning/twin-width/twin-width-treewidth-exponential-redemption-package/proofs/.lake/build/ir/TwinWidthTreewidthExponentialRedemption/Proofs/Main.setup.json --json",
   "level": "trace"}],
 "inputs":
 [["TwinWidthTreewidthExponentialRedemption.Proofs.Main:deps",
   [["deps",
     [["TwinWidthTreewidthExponentialRedemption.Proofs/TwinWidthTreewidthExponentialRedemption.Proofs:extraDep",
       [["@TwinWidthTreewidthExponentialRedemption.Proofs:extraDep",
         "00000000000006bb"]]],
      ["imports",
       [["TwinWidthTreewidthExponentialRedemption.Statements.Source.TwinWidth.Graph.BonnetDepresLower transitive imports (legacy)",
         "3d7e289cd0d4842e"],
        ["TwinWidthTreewidthExponentialRedemption.Statements.Source.TwinWidth.Graph.BonnetDepresLower:importAllArts",
         "c893d8cfaebbc14c"],
        ["TwinWidthTreewidthExponentialRedemption.Statements.Main transitive imports (legacy)",
         "8dd4d50e26e2a6b9"],
        ["TwinWidthTreewidthExponentialRedemption.Statements.Main:importAllArts",
         "b5a498425a5a5019"]]]]],
    ["libs",
     [["import dynlibs", "00000000000006bb"],
      ["package external libraries", "00000000000006bb"],
      ["module dynlibs", "00000000000006bb"],
      ["module plugins", "00000000000006bb"]]]]],
  ["Lean 4.30.0, commit d024af099ca4bf2c86f649261ebf59565dc8c622",
   "2f4703bb19086252"],
  ["/home/ebonnet/Bitbucket/leaning/twin-width/twin-width-treewidth-exponential-redemption-package/proofs/TwinWidthTreewidthExponentialRedemption/Proofs/Main.lean",
   "07fbd4333ce33a81"],
  ["options", "00000000000006bb"],
  ["isModule: false", "feefd2a0d3a1847e"],
  ["Module.name: TwinWidthTreewidthExponentialRedemption.Proofs.Main",
   "6fe4e849e0a46951"],
  ["Package.id?: (some TwinWidthTreewidthExponentialRedemption.Proofs)",
   "0b5cbed0c050bca0"],
  ["Module.leanArgs: #[]", "00000000000006bb"]],
 "depHash": "6de5628de9c9cd01"}