{"synthetic": false,
 "schemaVersion": "2025-09-10",
 "outputs":
 {"o": ["37ca330e33fd9472.olean"],
  "m": false,
  "i": "1fed1a32560fb2c0.ilean",
  "c": "67616e42e18d6daa.c"},
 "log":
 [{"message":
   ".> LEAN_PATH=/home/ebonnet/Bitbucket/leaning/twin-width/twin-width-treewidth-exponential-redemption-package/proofs/.lake/packages/Cli/.lake/build/lib/lean:/home/ebonnet/Bitbucket/leaning/twin-width/twin-width-treewidth-exponential-redemption-package/proofs/.lake/packages/batteries/.lake/build/lib/lean:/home/ebonnet/Bitbucket/leaning/twin-width/twin-width-treewidth-exponential-redemption-package/proofs/.lake/packages/Qq/.lake/build/lib/lean:/home/ebonnet/Bitbucket/leaning/twin-width/twin-width-treewidth-exponential-redemption-package/proofs/.lake/packages/aesop/.lake/build/lib/lean:/home/ebonnet/Bitbucket/leaning/twin-width/twin-width-treewidth-exponential-redemption-package/proofs/.lake/packages/proofwidgets/.lake/build/lib/lean:/home/ebonnet/Bitbucket/leaning/twin-width/twin-width-treewidth-exponential-redemption-package/proofs/.lake/packages/importGraph/.lake/build/lib/lean:/home/ebonnet/Bitbucket/leaning/twin-width/twin-width-treewidth-exponential-redemption-package/proofs/.lake/packages/LeanSearchClient/.lake/build/lib/lean:/home/ebonnet/Bitbucket/leaning/twin-width/twin-width-treewidth-exponential-redemption-package/proofs/.lake/packages/plausible/.lake/build/lib/lean:/home/ebonnet/Bitbucket/leaning/twin-width/twin-width-treewidth-exponential-redemption-package/proofs/.lake/packages/mathlib/.lake/build/lib/lean:/home/ebonnet/Bitbucket/leaning/twin-width/twin-width-treewidth-exponential-redemption-package/statements/.lake/build/lib/lean:/home/ebonnet/Bitbucket/leaning/twin-width/twin-width-treewidth-exponential-redemption-package/proofs/.lake/build/lib/lean /home/ebonnet/.elan/toolchains/leanprover--lean4---v4.30.0/bin/lean /home/ebonnet/Bitbucket/leaning/twin-width/twin-width-treewidth-exponential-redemption-package/proofs/TwinWidthTreewidthExponentialRedemption/Statements/Source/TwinWidth/Graph/Partition.lean -o /home/ebonnet/Bitbucket/leaning/twin-width/twin-width-treewidth-exponential-redemption-package/proofs/.lake/build/lib/lean/TwinWidthTreewidthExponentialRedemption/Statements/Source/TwinWidth/Graph/Partition.olean -i /home/ebonnet/Bitbucket/leaning/twin-width/twin-width-treewidth-exponential-redemption-package/proofs/.lake/build/lib/lean/TwinWidthTreewidthExponentialRedemption/Statements/Source/TwinWidth/Graph/Partition.ilean -c /home/ebonnet/Bitbucket/leaning/twin-width/twin-width-treewidth-exponential-redemption-package/proofs/.lake/build/ir/TwinWidthTreewidthExponentialRedemption/Statements/Source/TwinWidth/Graph/Partition.c --setup /home/ebonnet/Bitbucket/leaning/twin-width/twin-width-treewidth-exponential-redemption-package/proofs/.lake/build/ir/TwinWidthTreewidthExponentialRedemption/Statements/Source/TwinWidth/Graph/Partition.setup.json --json",
   "level": "trace"}],
 "inputs":
 [["TwinWidthTreewidthExponentialRedemption.Statements.Source.TwinWidth.Graph.Partition:deps",
   [["deps",
     [["TwinWidthTreewidthExponentialRedemption.Proofs/TwinWidthTreewidthExponentialRedemption.Proofs:extraDep",
       [["@TwinWidthTreewidthExponentialRedemption.Proofs:extraDep",
         "00000000000006bb"]]],
      ["imports",
       [["TwinWidthTreewidthExponentialRedemption.Statements.Source.TwinWidth.Contraction.TwinWidth transitive imports (legacy)",
         "259ce7d432ea4b57"],
        ["TwinWidthTreewidthExponentialRedemption.Statements.Source.TwinWidth.Contraction.TwinWidth:importAllArts",
         "ca5813294d86e6ef"]]]]],
    ["libs",
     [["import dynlibs", "00000000000006bb"],
      ["package external libraries", "00000000000006bb"],
      ["module dynlibs", "00000000000006bb"],
      ["module plugins", "00000000000006bb"]]]]],
  ["Lean 4.30.0, commit d024af099ca4bf2c86f649261ebf59565dc8c622",
   "2f4703bb19086252"],
  ["/home/ebonnet/Bitbucket/leaning/twin-width/twin-width-treewidth-exponential-redemption-package/proofs/TwinWidthTreewidthExponentialRedemption/Statements/Source/TwinWidth/Graph/Partition.lean",
   "4668823fdd69098a"],
  ["options", "00000000000006bb"],
  ["isModule: false", "feefd2a0d3a1847e"],
  ["Module.name: TwinWidthTreewidthExponentialRedemption.Statements.Source.TwinWidth.Graph.Partition",
   "a2b59bf8b6761ca5"],
  ["Package.id?: (some TwinWidthTreewidthExponentialRedemption.Proofs)",
   "0b5cbed0c050bca0"],
  ["Module.leanArgs: #[]", "00000000000006bb"]],
 "depHash": "ca84d998dcf4f107"}