{"synthetic": false,
 "schemaVersion": "2025-09-10",
 "outputs":
 {"o": ["ec614cd8992b5b70.olean"],
  "m": false,
  "i": "7df050db41db2917.ilean",
  "c": "2cb37e8a4b09cc3a.c"},
 "log":
 [{"message":
   ".> LEAN_PATH=/home/ebonnet/Bitbucket/leaning/twin-width/twin-width-treewidth-exponential-redemption-package/proofs/.lake/packages/Cli/.lake/build/lib/lean:/home/ebonnet/Bitbucket/leaning/twin-width/twin-width-treewidth-exponential-redemption-package/proofs/.lake/packages/batteries/.lake/build/lib/lean:/home/ebonnet/Bitbucket/leaning/twin-width/twin-width-treewidth-exponential-redemption-package/proofs/.lake/packages/Qq/.lake/build/lib/lean:/home/ebonnet/Bitbucket/leaning/twin-width/twin-width-treewidth-exponential-redemption-package/proofs/.lake/packages/aesop/.lake/build/lib/lean:/home/ebonnet/Bitbucket/leaning/twin-width/twin-width-treewidth-exponential-redemption-package/proofs/.lake/packages/proofwidgets/.lake/build/lib/lean:/home/ebonnet/Bitbucket/leaning/twin-width/twin-width-treewidth-exponential-redemption-package/proofs/.lake/packages/importGraph/.lake/build/lib/lean:/home/ebonnet/Bitbucket/leaning/twin-width/twin-width-treewidth-exponential-redemption-package/proofs/.lake/packages/LeanSearchClient/.lake/build/lib/lean:/home/ebonnet/Bitbucket/leaning/twin-width/twin-width-treewidth-exponential-redemption-package/proofs/.lake/packages/plausible/.lake/build/lib/lean:/home/ebonnet/Bitbucket/leaning/twin-width/twin-width-treewidth-exponential-redemption-package/proofs/.lake/packages/mathlib/.lake/build/lib/lean:/home/ebonnet/Bitbucket/leaning/twin-width/twin-width-treewidth-exponential-redemption-package/statements/.lake/build/lib/lean:/home/ebonnet/Bitbucket/leaning/twin-width/twin-width-treewidth-exponential-redemption-package/proofs/.lake/build/lib/lean /home/ebonnet/.elan/toolchains/leanprover--lean4---v4.30.0/bin/lean /home/ebonnet/Bitbucket/leaning/twin-width/twin-width-treewidth-exponential-redemption-package/proofs/TwinWidthTreewidthExponentialRedemption/Statements/Source/TwinWidth/Graph/TreewidthContract.lean -o /home/ebonnet/Bitbucket/leaning/twin-width/twin-width-treewidth-exponential-redemption-package/proofs/.lake/build/lib/lean/TwinWidthTreewidthExponentialRedemption/Statements/Source/TwinWidth/Graph/TreewidthContract.olean -i /home/ebonnet/Bitbucket/leaning/twin-width/twin-width-treewidth-exponential-redemption-package/proofs/.lake/build/lib/lean/TwinWidthTreewidthExponentialRedemption/Statements/Source/TwinWidth/Graph/TreewidthContract.ilean -c /home/ebonnet/Bitbucket/leaning/twin-width/twin-width-treewidth-exponential-redemption-package/proofs/.lake/build/ir/TwinWidthTreewidthExponentialRedemption/Statements/Source/TwinWidth/Graph/TreewidthContract.c --setup /home/ebonnet/Bitbucket/leaning/twin-width/twin-width-treewidth-exponential-redemption-package/proofs/.lake/build/ir/TwinWidthTreewidthExponentialRedemption/Statements/Source/TwinWidth/Graph/TreewidthContract.setup.json --json",
   "level": "trace"}],
 "inputs":
 [["TwinWidthTreewidthExponentialRedemption.Statements.Source.TwinWidth.Graph.TreewidthContract:deps",
   [["deps",
     [["TwinWidthTreewidthExponentialRedemption.Proofs/TwinWidthTreewidthExponentialRedemption.Proofs:extraDep",
       [["@TwinWidthTreewidthExponentialRedemption.Proofs:extraDep",
         "00000000000006bb"]]],
      ["imports",
       [["Mathlib.Combinatorics.SimpleGraph.Acyclic transitive imports (legacy)",
         "562fa588e28b2853"],
        ["Mathlib.Combinatorics.SimpleGraph.Acyclic:importAllArts",
         "8822ddca8e396971"],
        ["TwinWidthTreewidthExponentialRedemption.Statements.Source.TwinWidth.Contraction.TwinWidth transitive imports (legacy)",
         "259ce7d432ea4b57"],
        ["TwinWidthTreewidthExponentialRedemption.Statements.Source.TwinWidth.Contraction.TwinWidth:importAllArts",
         "ca5813294d86e6ef"]]]]],
    ["libs",
     [["import dynlibs", "00000000000006bb"],
      ["package external libraries", "00000000000006bb"],
      ["module dynlibs", "00000000000006bb"],
      ["module plugins", "00000000000006bb"]]]]],
  ["Lean 4.30.0, commit d024af099ca4bf2c86f649261ebf59565dc8c622",
   "2f4703bb19086252"],
  ["/home/ebonnet/Bitbucket/leaning/twin-width/twin-width-treewidth-exponential-redemption-package/proofs/TwinWidthTreewidthExponentialRedemption/Statements/Source/TwinWidth/Graph/TreewidthContract.lean",
   "61a67d9f82c22de8"],
  ["options", "00000000000006bb"],
  ["isModule: false", "feefd2a0d3a1847e"],
  ["Module.name: TwinWidthTreewidthExponentialRedemption.Statements.Source.TwinWidth.Graph.TreewidthContract",
   "f78fa808ee86ce3b"],
  ["Package.id?: (some TwinWidthTreewidthExponentialRedemption.Proofs)",
   "0b5cbed0c050bca0"],
  ["Module.leanArgs: #[]", "00000000000006bb"]],
 "depHash": "5334e42bc0c54fc0"}