{"synthetic": false,
 "schemaVersion": "2025-09-10",
 "outputs":
 {"o": ["a0fa229d170a645d.olean"],
  "m": false,
  "i": "e05ee620effa685d.ilean",
  "c": "9843e86f96f766b0.c"},
 "log":
 [{"message":
   ".> LEAN_PATH=/home/ebonnet/Bitbucket/leaning/twin-width/twin-width-treewidth-exponential-redemption-package/proofs/.lake/packages/Cli/.lake/build/lib/lean:/home/ebonnet/Bitbucket/leaning/twin-width/twin-width-treewidth-exponential-redemption-package/proofs/.lake/packages/batteries/.lake/build/lib/lean:/home/ebonnet/Bitbucket/leaning/twin-width/twin-width-treewidth-exponential-redemption-package/proofs/.lake/packages/Qq/.lake/build/lib/lean:/home/ebonnet/Bitbucket/leaning/twin-width/twin-width-treewidth-exponential-redemption-package/proofs/.lake/packages/aesop/.lake/build/lib/lean:/home/ebonnet/Bitbucket/leaning/twin-width/twin-width-treewidth-exponential-redemption-package/proofs/.lake/packages/proofwidgets/.lake/build/lib/lean:/home/ebonnet/Bitbucket/leaning/twin-width/twin-width-treewidth-exponential-redemption-package/proofs/.lake/packages/importGraph/.lake/build/lib/lean:/home/ebonnet/Bitbucket/leaning/twin-width/twin-width-treewidth-exponential-redemption-package/proofs/.lake/packages/LeanSearchClient/.lake/build/lib/lean:/home/ebonnet/Bitbucket/leaning/twin-width/twin-width-treewidth-exponential-redemption-package/proofs/.lake/packages/plausible/.lake/build/lib/lean:/home/ebonnet/Bitbucket/leaning/twin-width/twin-width-treewidth-exponential-redemption-package/proofs/.lake/packages/mathlib/.lake/build/lib/lean:/home/ebonnet/Bitbucket/leaning/twin-width/twin-width-treewidth-exponential-redemption-package/statements/.lake/build/lib/lean:/home/ebonnet/Bitbucket/leaning/twin-width/twin-width-treewidth-exponential-redemption-package/proofs/.lake/build/lib/lean /home/ebonnet/.elan/toolchains/leanprover--lean4---v4.30.0/bin/lean /home/ebonnet/Bitbucket/leaning/twin-width/twin-width-treewidth-exponential-redemption-package/statements/../source/TwinWidthTreewidthExponentialRedemption/Statements/Source/TwinWidth/Contraction/Trigraph.lean -o /home/ebonnet/Bitbucket/leaning/twin-width/twin-width-treewidth-exponential-redemption-package/statements/.lake/build/lib/lean/TwinWidthTreewidthExponentialRedemption/Statements/Source/TwinWidth/Contraction/Trigraph.olean -i /home/ebonnet/Bitbucket/leaning/twin-width/twin-width-treewidth-exponential-redemption-package/statements/.lake/build/lib/lean/TwinWidthTreewidthExponentialRedemption/Statements/Source/TwinWidth/Contraction/Trigraph.ilean -c /home/ebonnet/Bitbucket/leaning/twin-width/twin-width-treewidth-exponential-redemption-package/statements/.lake/build/ir/TwinWidthTreewidthExponentialRedemption/Statements/Source/TwinWidth/Contraction/Trigraph.c --setup /home/ebonnet/Bitbucket/leaning/twin-width/twin-width-treewidth-exponential-redemption-package/statements/.lake/build/ir/TwinWidthTreewidthExponentialRedemption/Statements/Source/TwinWidth/Contraction/Trigraph.setup.json --json",
   "level": "trace"}],
 "inputs":
 [["TwinWidthTreewidthExponentialRedemption.Statements.Source.TwinWidth.Contraction.Trigraph:deps",
   [["deps",
     [["TwinWidthTreewidthExponentialRedemption.Statements/TwinWidthTreewidthExponentialRedemption.Statements.Source:extraDep",
       [["@TwinWidthTreewidthExponentialRedemption.Statements:extraDep",
         "00000000000006bb"]]],
      ["imports",
       [["Mathlib.Combinatorics.SimpleGraph.Basic transitive imports (legacy)",
         "2a274a0746fd4255"],
        ["Mathlib.Combinatorics.SimpleGraph.Basic:importAllArts",
         "bd6566f3729a2489"],
        ["Mathlib.Data.Finset.Basic transitive imports (legacy)",
         "e9643a503ae66ac4"],
        ["Mathlib.Data.Finset.Basic:importAllArts", "0edbe396133a046c"]]]]],
    ["libs",
     [["import dynlibs", "00000000000006bb"],
      ["package external libraries", "00000000000006bb"],
      ["module dynlibs", "00000000000006bb"],
      ["module plugins", "00000000000006bb"]]]]],
  ["Lean 4.30.0, commit d024af099ca4bf2c86f649261ebf59565dc8c622",
   "2f4703bb19086252"],
  ["/home/ebonnet/Bitbucket/leaning/twin-width/twin-width-treewidth-exponential-redemption-package/statements/../source/TwinWidthTreewidthExponentialRedemption/Statements/Source/TwinWidth/Contraction/Trigraph.lean",
   "8113c0994a92836a"],
  ["options", "00000000000006bb"],
  ["isModule: false", "feefd2a0d3a1847e"],
  ["Module.name: TwinWidthTreewidthExponentialRedemption.Statements.Source.TwinWidth.Contraction.Trigraph",
   "7a1025981001bcb6"],
  ["Package.id?: (some TwinWidthTreewidthExponentialRedemption.Statements)",
   "bfb5b17f1de87276"],
  ["Module.leanArgs: #[]", "00000000000006bb"]],
 "depHash": "48a1cfb970cc3533"}