{"synthetic": false,
 "schemaVersion": "2025-09-10",
 "outputs":
 {"o": ["b834e8580d7c2748.olean"],
  "m": false,
  "i": "ae8f15112fb7099a.ilean",
  "c": "511b95a92fad1b58.c"},
 "log":
 [{"message":
   ".> LEAN_PATH=/home/ebonnet/Bitbucket/leaning/twin-width/twin-width-treewidth-exponential-redemption-package/statements/.lake/packages/Cli/.lake/build/lib/lean:/home/ebonnet/Bitbucket/leaning/twin-width/twin-width-treewidth-exponential-redemption-package/statements/.lake/packages/batteries/.lake/build/lib/lean:/home/ebonnet/Bitbucket/leaning/twin-width/twin-width-treewidth-exponential-redemption-package/statements/.lake/packages/Qq/.lake/build/lib/lean:/home/ebonnet/Bitbucket/leaning/twin-width/twin-width-treewidth-exponential-redemption-package/statements/.lake/packages/aesop/.lake/build/lib/lean:/home/ebonnet/Bitbucket/leaning/twin-width/twin-width-treewidth-exponential-redemption-package/statements/.lake/packages/proofwidgets/.lake/build/lib/lean:/home/ebonnet/Bitbucket/leaning/twin-width/twin-width-treewidth-exponential-redemption-package/statements/.lake/packages/importGraph/.lake/build/lib/lean:/home/ebonnet/Bitbucket/leaning/twin-width/twin-width-treewidth-exponential-redemption-package/statements/.lake/packages/LeanSearchClient/.lake/build/lib/lean:/home/ebonnet/Bitbucket/leaning/twin-width/twin-width-treewidth-exponential-redemption-package/statements/.lake/packages/plausible/.lake/build/lib/lean:/home/ebonnet/Bitbucket/leaning/twin-width/twin-width-treewidth-exponential-redemption-package/statements/.lake/packages/mathlib/.lake/build/lib/lean:/home/ebonnet/Bitbucket/leaning/twin-width/twin-width-treewidth-exponential-redemption-package/statements/.lake/build/lib/lean /home/ebonnet/.elan/toolchains/leanprover--lean4---v4.30.0/bin/lean /home/ebonnet/Bitbucket/leaning/twin-width/twin-width-treewidth-exponential-redemption-package/statements/TwinWidthTreewidthExponentialRedemption/Statements/BonnetDepresVertex.lean -o /home/ebonnet/Bitbucket/leaning/twin-width/twin-width-treewidth-exponential-redemption-package/statements/.lake/build/lib/lean/TwinWidthTreewidthExponentialRedemption/Statements/BonnetDepresVertex.olean -i /home/ebonnet/Bitbucket/leaning/twin-width/twin-width-treewidth-exponential-redemption-package/statements/.lake/build/lib/lean/TwinWidthTreewidthExponentialRedemption/Statements/BonnetDepresVertex.ilean -c /home/ebonnet/Bitbucket/leaning/twin-width/twin-width-treewidth-exponential-redemption-package/statements/.lake/build/ir/TwinWidthTreewidthExponentialRedemption/Statements/BonnetDepresVertex.c --setup /home/ebonnet/Bitbucket/leaning/twin-width/twin-width-treewidth-exponential-redemption-package/statements/.lake/build/ir/TwinWidthTreewidthExponentialRedemption/Statements/BonnetDepresVertex.setup.json --json",
   "level": "trace"},
  {"message":
   "TwinWidthTreewidthExponentialRedemption/Statements/BonnetDepresVertex.lean:10:4: The namespace 'BonnetDepresVertex' is duplicated in the declaration 'TwinWidthTreewidthExponentialRedemption.Statements.BonnetDepresVertex.BonnetDepresVertex'\n\nNote: This linter can be disabled with `set_option linter.dupNamespace false`",
   "level": "warning"}],
 "inputs":
 [["TwinWidthTreewidthExponentialRedemption.Statements.BonnetDepresVertex:deps",
   [["deps",
     [["TwinWidthTreewidthExponentialRedemption.Statements/TwinWidthTreewidthExponentialRedemption.Statements:extraDep",
       [["@TwinWidthTreewidthExponentialRedemption.Statements:extraDep",
         "00000000000006bb"]]],
      ["imports",
       [["Mathlib.Data.Fintype.Sum transitive imports (legacy)",
         "4beab0c8e48e8866"],
        ["Mathlib.Data.Fintype.Sum:importAllArts", "60980caa2b010863"],
        ["TwinWidthTreewidthExponentialRedemption.Statements.BonnetDepresApexCount transitive imports (legacy)",
         "0ef5b92b27a08b59"],
        ["TwinWidthTreewidthExponentialRedemption.Statements.BonnetDepresApexCount:importAllArts",
         "fc40d35251917b30"],
        ["TwinWidthTreewidthExponentialRedemption.Statements.BonnetDepresBranch transitive imports (legacy)",
         "ccc0d8e450fcb9f5"],
        ["TwinWidthTreewidthExponentialRedemption.Statements.BonnetDepresBranch:importAllArts",
         "0f6492633fd6c001"],
        ["TwinWidthTreewidthExponentialRedemption.Statements.BonnetDepresDepth transitive imports (legacy)",
         "0ef5b92b27a08b59"],
        ["TwinWidthTreewidthExponentialRedemption.Statements.BonnetDepresDepth:importAllArts",
         "66d205c46c20b051"],
        ["TwinWidthTreewidthExponentialRedemption.Statements.FullTreeNode transitive imports (legacy)",
         "920c5007b48ea0aa"],
        ["TwinWidthTreewidthExponentialRedemption.Statements.FullTreeNode:importAllArts",
         "1fb0b308f88ff216"]]]]],
    ["libs",
     [["import dynlibs", "00000000000006bb"],
      ["package external libraries", "00000000000006bb"],
      ["module dynlibs", "00000000000006bb"],
      ["module plugins", "00000000000006bb"]]]]],
  ["Lean 4.30.0, commit d024af099ca4bf2c86f649261ebf59565dc8c622",
   "2f4703bb19086252"],
  ["/home/ebonnet/Bitbucket/leaning/twin-width/twin-width-treewidth-exponential-redemption-package/statements/TwinWidthTreewidthExponentialRedemption/Statements/BonnetDepresVertex.lean",
   "878a4167a1343cf4"],
  ["options", "00000000000006bb"],
  ["isModule: false", "feefd2a0d3a1847e"],
  ["Module.name: TwinWidthTreewidthExponentialRedemption.Statements.BonnetDepresVertex",
   "79ab391da26c5631"],
  ["Package.id?: (some TwinWidthTreewidthExponentialRedemption.Statements)",
   "bfb5b17f1de87276"],
  ["Module.leanArgs: #[]", "00000000000006bb"]],
 "depHash": "4100e6ceea0ed86e"}