{"synthetic": false,
 "schemaVersion": "2025-09-10",
 "outputs":
 {"o": ["5326a421d8ab2847.olean"],
  "m": false,
  "i": "527f8e1a1fc64566.ilean",
  "c": "2da039a416ed3324.c"},
 "log":
 [{"message":
   ".> LEAN_PATH=/home/ebonnet/Bitbucket/leaning/twin-width/twin-width-treewidth-exponential-redemption-package/statements/.lake/packages/Cli/.lake/build/lib/lean:/home/ebonnet/Bitbucket/leaning/twin-width/twin-width-treewidth-exponential-redemption-package/statements/.lake/packages/batteries/.lake/build/lib/lean:/home/ebonnet/Bitbucket/leaning/twin-width/twin-width-treewidth-exponential-redemption-package/statements/.lake/packages/Qq/.lake/build/lib/lean:/home/ebonnet/Bitbucket/leaning/twin-width/twin-width-treewidth-exponential-redemption-package/statements/.lake/packages/aesop/.lake/build/lib/lean:/home/ebonnet/Bitbucket/leaning/twin-width/twin-width-treewidth-exponential-redemption-package/statements/.lake/packages/proofwidgets/.lake/build/lib/lean:/home/ebonnet/Bitbucket/leaning/twin-width/twin-width-treewidth-exponential-redemption-package/statements/.lake/packages/importGraph/.lake/build/lib/lean:/home/ebonnet/Bitbucket/leaning/twin-width/twin-width-treewidth-exponential-redemption-package/statements/.lake/packages/LeanSearchClient/.lake/build/lib/lean:/home/ebonnet/Bitbucket/leaning/twin-width/twin-width-treewidth-exponential-redemption-package/statements/.lake/packages/plausible/.lake/build/lib/lean:/home/ebonnet/Bitbucket/leaning/twin-width/twin-width-treewidth-exponential-redemption-package/statements/.lake/packages/mathlib/.lake/build/lib/lean:/home/ebonnet/Bitbucket/leaning/twin-width/twin-width-treewidth-exponential-redemption-package/statements/.lake/build/lib/lean /home/ebonnet/.elan/toolchains/leanprover--lean4---v4.30.0/bin/lean /home/ebonnet/Bitbucket/leaning/twin-width/twin-width-treewidth-exponential-redemption-package/statements/TwinWidthTreewidthExponentialRedemption/Statements/BonnetDepresConstruction.lean -o /home/ebonnet/Bitbucket/leaning/twin-width/twin-width-treewidth-exponential-redemption-package/statements/.lake/build/lib/lean/TwinWidthTreewidthExponentialRedemption/Statements/BonnetDepresConstruction.olean -i /home/ebonnet/Bitbucket/leaning/twin-width/twin-width-treewidth-exponential-redemption-package/statements/.lake/build/lib/lean/TwinWidthTreewidthExponentialRedemption/Statements/BonnetDepresConstruction.ilean -c /home/ebonnet/Bitbucket/leaning/twin-width/twin-width-treewidth-exponential-redemption-package/statements/.lake/build/ir/TwinWidthTreewidthExponentialRedemption/Statements/BonnetDepresConstruction.c --setup /home/ebonnet/Bitbucket/leaning/twin-width/twin-width-treewidth-exponential-redemption-package/statements/.lake/build/ir/TwinWidthTreewidthExponentialRedemption/Statements/BonnetDepresConstruction.setup.json --json",
   "level": "trace"}],
 "inputs":
 [["TwinWidthTreewidthExponentialRedemption.Statements.BonnetDepresConstruction:deps",
   [["deps",
     [["TwinWidthTreewidthExponentialRedemption.Statements/TwinWidthTreewidthExponentialRedemption.Statements:extraDep",
       [["@TwinWidthTreewidthExponentialRedemption.Statements:extraDep",
         "00000000000006bb"]]],
      ["imports",
       [["Mathlib.Combinatorics.SimpleGraph.Basic transitive imports (legacy)",
         "2a274a0746fd4255"],
        ["Mathlib.Combinatorics.SimpleGraph.Basic:importAllArts",
         "bd6566f3729a2489"],
        ["Mathlib.Data.Nat.Bitwise transitive imports (legacy)",
         "6116d1172b8c7010"],
        ["Mathlib.Data.Nat.Bitwise:importAllArts", "5c67f49889bd1630"]]]]],
    ["libs",
     [["import dynlibs", "00000000000006bb"],
      ["package external libraries", "00000000000006bb"],
      ["module dynlibs", "00000000000006bb"],
      ["module plugins", "00000000000006bb"]]]]],
  ["Lean 4.30.0, commit d024af099ca4bf2c86f649261ebf59565dc8c622",
   "2f4703bb19086252"],
  ["/home/ebonnet/Bitbucket/leaning/twin-width/twin-width-treewidth-exponential-redemption-package/statements/TwinWidthTreewidthExponentialRedemption/Statements/BonnetDepresConstruction.lean",
   "fc068812fd8586c6"],
  ["options", "00000000000006bb"],
  ["isModule: false", "feefd2a0d3a1847e"],
  ["Module.name: TwinWidthTreewidthExponentialRedemption.Statements.BonnetDepresConstruction",
   "f7b8b2b7e9ee1308"],
  ["Package.id?: (some TwinWidthTreewidthExponentialRedemption.Statements)",
   "bfb5b17f1de87276"],
  ["Module.leanArgs: #[]", "00000000000006bb"]],
 "depHash": "bd9de70d727091b3"}