{"synthetic": false,
 "schemaVersion": "2025-09-10",
 "outputs":
 {"o": ["cb8aad5fefef24b8.olean"],
  "m": false,
  "i": "a226186b2c7a44e8.ilean",
  "c": "93beb4da8377c049.c"},
 "log":
 [{"message":
   ".> LEAN_PATH=/home/ebonnet/Bitbucket/leaning/twin-width/twin-width-treewidth-exponential-redemption-package/statements/.lake/packages/Cli/.lake/build/lib/lean:/home/ebonnet/Bitbucket/leaning/twin-width/twin-width-treewidth-exponential-redemption-package/statements/.lake/packages/batteries/.lake/build/lib/lean:/home/ebonnet/Bitbucket/leaning/twin-width/twin-width-treewidth-exponential-redemption-package/statements/.lake/packages/Qq/.lake/build/lib/lean:/home/ebonnet/Bitbucket/leaning/twin-width/twin-width-treewidth-exponential-redemption-package/statements/.lake/packages/aesop/.lake/build/lib/lean:/home/ebonnet/Bitbucket/leaning/twin-width/twin-width-treewidth-exponential-redemption-package/statements/.lake/packages/proofwidgets/.lake/build/lib/lean:/home/ebonnet/Bitbucket/leaning/twin-width/twin-width-treewidth-exponential-redemption-package/statements/.lake/packages/importGraph/.lake/build/lib/lean:/home/ebonnet/Bitbucket/leaning/twin-width/twin-width-treewidth-exponential-redemption-package/statements/.lake/packages/LeanSearchClient/.lake/build/lib/lean:/home/ebonnet/Bitbucket/leaning/twin-width/twin-width-treewidth-exponential-redemption-package/statements/.lake/packages/plausible/.lake/build/lib/lean:/home/ebonnet/Bitbucket/leaning/twin-width/twin-width-treewidth-exponential-redemption-package/statements/.lake/packages/mathlib/.lake/build/lib/lean:/home/ebonnet/Bitbucket/leaning/twin-width/twin-width-treewidth-exponential-redemption-package/statements/.lake/build/lib/lean /home/ebonnet/.elan/toolchains/leanprover--lean4---v4.30.0/bin/lean /home/ebonnet/Bitbucket/leaning/twin-width/twin-width-treewidth-exponential-redemption-package/statements/TwinWidthTreewidthExponentialRedemption/Statements/BonnetDepresLowerDefinitions.lean -o /home/ebonnet/Bitbucket/leaning/twin-width/twin-width-treewidth-exponential-redemption-package/statements/.lake/build/lib/lean/TwinWidthTreewidthExponentialRedemption/Statements/BonnetDepresLowerDefinitions.olean -i /home/ebonnet/Bitbucket/leaning/twin-width/twin-width-treewidth-exponential-redemption-package/statements/.lake/build/lib/lean/TwinWidthTreewidthExponentialRedemption/Statements/BonnetDepresLowerDefinitions.ilean -c /home/ebonnet/Bitbucket/leaning/twin-width/twin-width-treewidth-exponential-redemption-package/statements/.lake/build/ir/TwinWidthTreewidthExponentialRedemption/Statements/BonnetDepresLowerDefinitions.c --setup /home/ebonnet/Bitbucket/leaning/twin-width/twin-width-treewidth-exponential-redemption-package/statements/.lake/build/ir/TwinWidthTreewidthExponentialRedemption/Statements/BonnetDepresLowerDefinitions.setup.json --json",
   "level": "trace"}],
 "inputs":
 [["TwinWidthTreewidthExponentialRedemption.Statements.BonnetDepresLowerDefinitions:deps",
   [["deps",
     [["TwinWidthTreewidthExponentialRedemption.Statements/TwinWidthTreewidthExponentialRedemption.Statements:extraDep",
       [["@TwinWidthTreewidthExponentialRedemption.Statements:extraDep",
         "00000000000006bb"]]],
      ["imports",
       [["Mathlib.Data.Finset.Image transitive imports (legacy)",
         "88b9a83727ba93a1"],
        ["Mathlib.Data.Finset.Image:importAllArts", "42b087c39b02c822"],
        ["TwinWidthTreewidthExponentialRedemption.Statements.BonnetDepresApexAdj transitive imports (legacy)",
         "80c650083832c0a9"],
        ["TwinWidthTreewidthExponentialRedemption.Statements.BonnetDepresApexAdj:importAllArts",
         "ba6e4b9166f1c25e"],
        ["TwinWidthTreewidthExponentialRedemption.Statements.BonnetDepresApexCount transitive imports (legacy)",
         "0ef5b92b27a08b59"],
        ["TwinWidthTreewidthExponentialRedemption.Statements.BonnetDepresApexCount:importAllArts",
         "fc40d35251917b30"],
        ["TwinWidthTreewidthExponentialRedemption.Statements.BonnetDepresApexSet transitive imports (legacy)",
         "422b194b4d2bfaf9"],
        ["TwinWidthTreewidthExponentialRedemption.Statements.BonnetDepresApexSet:importAllArts",
         "15c7931eec74589b"],
        ["TwinWidthTreewidthExponentialRedemption.Statements.BonnetDepresBranch transitive imports (legacy)",
         "ccc0d8e450fcb9f5"],
        ["TwinWidthTreewidthExponentialRedemption.Statements.BonnetDepresBranch:importAllArts",
         "0f6492633fd6c001"],
        ["TwinWidthTreewidthExponentialRedemption.Statements.BonnetDepresDepth transitive imports (legacy)",
         "0ef5b92b27a08b59"],
        ["TwinWidthTreewidthExponentialRedemption.Statements.BonnetDepresDepth:importAllArts",
         "66d205c46c20b051"],
        ["TwinWidthTreewidthExponentialRedemption.Statements.BonnetDepresGraph transitive imports (legacy)",
         "f9b41dae516f4440"],
        ["TwinWidthTreewidthExponentialRedemption.Statements.BonnetDepresGraph:importAllArts",
         "a19c429da501624e"],
        ["TwinWidthTreewidthExponentialRedemption.Statements.BonnetDepresVertex transitive imports (legacy)",
         "64155a83ff8195fe"],
        ["TwinWidthTreewidthExponentialRedemption.Statements.BonnetDepresVertex:importAllArts",
         "e95ca2b717454416"],
        ["TwinWidthTreewidthExponentialRedemption.Statements.FullTreeNode transitive imports (legacy)",
         "920c5007b48ea0aa"],
        ["TwinWidthTreewidthExponentialRedemption.Statements.FullTreeNode:importAllArts",
         "1fb0b308f88ff216"],
        ["TwinWidthTreewidthExponentialRedemption.Statements.FullTreeNodeIsParent transitive imports (legacy)",
         "e2ab6c90065a5aeb"],
        ["TwinWidthTreewidthExponentialRedemption.Statements.FullTreeNodeIsParent:importAllArts",
         "2ed32e0bddd0c934"],
        ["TwinWidthTreewidthExponentialRedemption.Statements.PartitionSemantics transitive imports (legacy)",
         "736f45d0ba8d629f"],
        ["TwinWidthTreewidthExponentialRedemption.Statements.PartitionSemantics:importAllArts",
         "d484419c485cf60a"]]]]],
    ["libs",
     [["import dynlibs", "00000000000006bb"],
      ["package external libraries", "00000000000006bb"],
      ["module dynlibs", "00000000000006bb"],
      ["module plugins", "00000000000006bb"]]]]],
  ["Lean 4.30.0, commit d024af099ca4bf2c86f649261ebf59565dc8c622",
   "2f4703bb19086252"],
  ["/home/ebonnet/Bitbucket/leaning/twin-width/twin-width-treewidth-exponential-redemption-package/statements/TwinWidthTreewidthExponentialRedemption/Statements/BonnetDepresLowerDefinitions.lean",
   "6047e6374d1c8b5c"],
  ["options", "00000000000006bb"],
  ["isModule: false", "feefd2a0d3a1847e"],
  ["Module.name: TwinWidthTreewidthExponentialRedemption.Statements.BonnetDepresLowerDefinitions",
   "d275e633ba52a6d5"],
  ["Package.id?: (some TwinWidthTreewidthExponentialRedemption.Statements)",
   "bfb5b17f1de87276"],
  ["Module.leanArgs: #[]", "00000000000006bb"]],
 "depHash": "cb9526c1ef7b7d7c"}