{"synthetic": false,
 "schemaVersion": "2025-09-10",
 "outputs":
 {"o": ["4927c165617d0a8c.olean"],
  "m": false,
  "i": "2a571f897c172797.ilean",
  "c": "a018f5196c5e9e10.c"},
 "log":
 [{"message":
   ".> LEAN_PATH=/home/ebonnet/Bitbucket/leaning/twin-width/twin-width-treewidth-exponential-redemption-package/statements/.lake/packages/Cli/.lake/build/lib/lean:/home/ebonnet/Bitbucket/leaning/twin-width/twin-width-treewidth-exponential-redemption-package/statements/.lake/packages/batteries/.lake/build/lib/lean:/home/ebonnet/Bitbucket/leaning/twin-width/twin-width-treewidth-exponential-redemption-package/statements/.lake/packages/Qq/.lake/build/lib/lean:/home/ebonnet/Bitbucket/leaning/twin-width/twin-width-treewidth-exponential-redemption-package/statements/.lake/packages/aesop/.lake/build/lib/lean:/home/ebonnet/Bitbucket/leaning/twin-width/twin-width-treewidth-exponential-redemption-package/statements/.lake/packages/proofwidgets/.lake/build/lib/lean:/home/ebonnet/Bitbucket/leaning/twin-width/twin-width-treewidth-exponential-redemption-package/statements/.lake/packages/importGraph/.lake/build/lib/lean:/home/ebonnet/Bitbucket/leaning/twin-width/twin-width-treewidth-exponential-redemption-package/statements/.lake/packages/LeanSearchClient/.lake/build/lib/lean:/home/ebonnet/Bitbucket/leaning/twin-width/twin-width-treewidth-exponential-redemption-package/statements/.lake/packages/plausible/.lake/build/lib/lean:/home/ebonnet/Bitbucket/leaning/twin-width/twin-width-treewidth-exponential-redemption-package/statements/.lake/packages/mathlib/.lake/build/lib/lean:/home/ebonnet/Bitbucket/leaning/twin-width/twin-width-treewidth-exponential-redemption-package/statements/.lake/build/lib/lean /home/ebonnet/.elan/toolchains/leanprover--lean4---v4.30.0/bin/lean /home/ebonnet/Bitbucket/leaning/twin-width/twin-width-treewidth-exponential-redemption-package/statements/TwinWidthTreewidthExponentialRedemption/Statements/BonnetDepresTreeDecompositionBag.lean -o /home/ebonnet/Bitbucket/leaning/twin-width/twin-width-treewidth-exponential-redemption-package/statements/.lake/build/lib/lean/TwinWidthTreewidthExponentialRedemption/Statements/BonnetDepresTreeDecompositionBag.olean -i /home/ebonnet/Bitbucket/leaning/twin-width/twin-width-treewidth-exponential-redemption-package/statements/.lake/build/lib/lean/TwinWidthTreewidthExponentialRedemption/Statements/BonnetDepresTreeDecompositionBag.ilean -c /home/ebonnet/Bitbucket/leaning/twin-width/twin-width-treewidth-exponential-redemption-package/statements/.lake/build/ir/TwinWidthTreewidthExponentialRedemption/Statements/BonnetDepresTreeDecompositionBag.c --setup /home/ebonnet/Bitbucket/leaning/twin-width/twin-width-treewidth-exponential-redemption-package/statements/.lake/build/ir/TwinWidthTreewidthExponentialRedemption/Statements/BonnetDepresTreeDecompositionBag.setup.json --json",
   "level": "trace"}],
 "inputs":
 [["TwinWidthTreewidthExponentialRedemption.Statements.BonnetDepresTreeDecompositionBag:deps",
   [["deps",
     [["TwinWidthTreewidthExponentialRedemption.Statements/TwinWidthTreewidthExponentialRedemption.Statements:extraDep",
       [["@TwinWidthTreewidthExponentialRedemption.Statements:extraDep",
         "00000000000006bb"]]],
      ["imports",
       [["TwinWidthTreewidthExponentialRedemption.Statements.BonnetDepresApexSet transitive imports (legacy)",
         "0abc3ee1514bc2ac"],
        ["TwinWidthTreewidthExponentialRedemption.Statements.BonnetDepresApexSet:importAllArts",
         "f69967e553076bfb"],
        ["TwinWidthTreewidthExponentialRedemption.Statements.BonnetDepresBranch transitive imports (legacy)",
         "ccc0d8e450fcb9f5"],
        ["TwinWidthTreewidthExponentialRedemption.Statements.BonnetDepresBranch:importAllArts",
         "0f6492633fd6c001"],
        ["TwinWidthTreewidthExponentialRedemption.Statements.BonnetDepresDepth transitive imports (legacy)",
         "0ef5b92b27a08b59"],
        ["TwinWidthTreewidthExponentialRedemption.Statements.BonnetDepresDepth:importAllArts",
         "66d205c46c20b051"],
        ["TwinWidthTreewidthExponentialRedemption.Statements.BonnetDepresVertex transitive imports (legacy)",
         "c2520b34368ee27d"],
        ["TwinWidthTreewidthExponentialRedemption.Statements.BonnetDepresVertex:importAllArts",
         "1d1e9cf30bc58bf0"],
        ["TwinWidthTreewidthExponentialRedemption.Statements.FullTreeNode transitive imports (legacy)",
         "a45c67b07c9da466"],
        ["TwinWidthTreewidthExponentialRedemption.Statements.FullTreeNode:importAllArts",
         "81e5327c65052342"],
        ["TwinWidthTreewidthExponentialRedemption.Statements.FullTreeNodeParent transitive imports (legacy)",
         "99f664c019f7a870"],
        ["TwinWidthTreewidthExponentialRedemption.Statements.FullTreeNodeParent:importAllArts",
         "a4b8203cb4202cb8"]]]]],
    ["libs",
     [["import dynlibs", "00000000000006bb"],
      ["package external libraries", "00000000000006bb"],
      ["module dynlibs", "00000000000006bb"],
      ["module plugins", "00000000000006bb"]]]]],
  ["Lean 4.30.0, commit d024af099ca4bf2c86f649261ebf59565dc8c622",
   "2f4703bb19086252"],
  ["/home/ebonnet/Bitbucket/leaning/twin-width/twin-width-treewidth-exponential-redemption-package/statements/TwinWidthTreewidthExponentialRedemption/Statements/BonnetDepresTreeDecompositionBag.lean",
   "5f0006c01bcc0d13"],
  ["options", "00000000000006bb"],
  ["isModule: false", "feefd2a0d3a1847e"],
  ["Module.name: TwinWidthTreewidthExponentialRedemption.Statements.BonnetDepresTreeDecompositionBag",
   "ed5bd2dd906b8c02"],
  ["Package.id?: (some TwinWidthTreewidthExponentialRedemption.Statements)",
   "bfb5b17f1de87276"],
  ["Module.leanArgs: #[]", "00000000000006bb"]],
 "depHash": "794d9cdd216f71df"}