{"synthetic": false,
 "schemaVersion": "2025-09-10",
 "outputs":
 {"o": ["76c2e83eaa16a303.olean"],
  "m": false,
  "i": "a83e348bdb32ee86.ilean",
  "c": "7ad55c4a692394e5.c"},
 "log":
 [{"message":
   ".> LEAN_PATH=/home/ebonnet/Bitbucket/leaning/twin-width/twin-width-treewidth-exponential-redemption-package/statements/.lake/packages/Cli/.lake/build/lib/lean:/home/ebonnet/Bitbucket/leaning/twin-width/twin-width-treewidth-exponential-redemption-package/statements/.lake/packages/batteries/.lake/build/lib/lean:/home/ebonnet/Bitbucket/leaning/twin-width/twin-width-treewidth-exponential-redemption-package/statements/.lake/packages/Qq/.lake/build/lib/lean:/home/ebonnet/Bitbucket/leaning/twin-width/twin-width-treewidth-exponential-redemption-package/statements/.lake/packages/aesop/.lake/build/lib/lean:/home/ebonnet/Bitbucket/leaning/twin-width/twin-width-treewidth-exponential-redemption-package/statements/.lake/packages/proofwidgets/.lake/build/lib/lean:/home/ebonnet/Bitbucket/leaning/twin-width/twin-width-treewidth-exponential-redemption-package/statements/.lake/packages/importGraph/.lake/build/lib/lean:/home/ebonnet/Bitbucket/leaning/twin-width/twin-width-treewidth-exponential-redemption-package/statements/.lake/packages/LeanSearchClient/.lake/build/lib/lean:/home/ebonnet/Bitbucket/leaning/twin-width/twin-width-treewidth-exponential-redemption-package/statements/.lake/packages/plausible/.lake/build/lib/lean:/home/ebonnet/Bitbucket/leaning/twin-width/twin-width-treewidth-exponential-redemption-package/statements/.lake/packages/mathlib/.lake/build/lib/lean:/home/ebonnet/Bitbucket/leaning/twin-width/twin-width-treewidth-exponential-redemption-package/statements/.lake/build/lib/lean /home/ebonnet/.elan/toolchains/leanprover--lean4---v4.30.0/bin/lean /home/ebonnet/Bitbucket/leaning/twin-width/twin-width-treewidth-exponential-redemption-package/statements/TwinWidthTreewidthExponentialRedemption/Statements/ContractionSequenceWidth.lean -o /home/ebonnet/Bitbucket/leaning/twin-width/twin-width-treewidth-exponential-redemption-package/statements/.lake/build/lib/lean/TwinWidthTreewidthExponentialRedemption/Statements/ContractionSequenceWidth.olean -i /home/ebonnet/Bitbucket/leaning/twin-width/twin-width-treewidth-exponential-redemption-package/statements/.lake/build/lib/lean/TwinWidthTreewidthExponentialRedemption/Statements/ContractionSequenceWidth.ilean -c /home/ebonnet/Bitbucket/leaning/twin-width/twin-width-treewidth-exponential-redemption-package/statements/.lake/build/ir/TwinWidthTreewidthExponentialRedemption/Statements/ContractionSequenceWidth.c --setup /home/ebonnet/Bitbucket/leaning/twin-width/twin-width-treewidth-exponential-redemption-package/statements/.lake/build/ir/TwinWidthTreewidthExponentialRedemption/Statements/ContractionSequenceWidth.setup.json --json",
   "level": "trace"}],
 "inputs":
 [["TwinWidthTreewidthExponentialRedemption.Statements.ContractionSequenceWidth:deps",
   [["deps",
     [["TwinWidthTreewidthExponentialRedemption.Statements/TwinWidthTreewidthExponentialRedemption.Statements:extraDep",
       [["@TwinWidthTreewidthExponentialRedemption.Statements:extraDep",
         "00000000000006bb"]]],
      ["imports",
       [["Mathlib.Combinatorics.SimpleGraph.Basic transitive imports (legacy)",
         "2a274a0746fd4255"],
        ["Mathlib.Combinatorics.SimpleGraph.Basic:importAllArts",
         "bd6566f3729a2489"],
        ["TwinWidthTreewidthExponentialRedemption.Statements.ContractionStep transitive imports (legacy)",
         "a6e03f4ad510652c"],
        ["TwinWidthTreewidthExponentialRedemption.Statements.ContractionStep:importAllArts",
         "0eb61e51813db04e"],
        ["TwinWidthTreewidthExponentialRedemption.Statements.FinalTrigraphState transitive imports (legacy)",
         "72be4c649814e12a"],
        ["TwinWidthTreewidthExponentialRedemption.Statements.FinalTrigraphState:importAllArts",
         "d2d6fdaf89dee5b2"],
        ["TwinWidthTreewidthExponentialRedemption.Statements.InitialTrigraphState transitive imports (legacy)",
         "15d2c42f4a24e1bf"],
        ["TwinWidthTreewidthExponentialRedemption.Statements.InitialTrigraphState:importAllArts",
         "08585d972adbeeb5"],
        ["TwinWidthTreewidthExponentialRedemption.Statements.RedDegree transitive imports (legacy)",
         "72be4c649814e12a"],
        ["TwinWidthTreewidthExponentialRedemption.Statements.RedDegree:importAllArts",
         "987fbdfb234e1d7b"]]]]],
    ["libs",
     [["import dynlibs", "00000000000006bb"],
      ["package external libraries", "00000000000006bb"],
      ["module dynlibs", "00000000000006bb"],
      ["module plugins", "00000000000006bb"]]]]],
  ["Lean 4.30.0, commit d024af099ca4bf2c86f649261ebf59565dc8c622",
   "2f4703bb19086252"],
  ["/home/ebonnet/Bitbucket/leaning/twin-width/twin-width-treewidth-exponential-redemption-package/statements/TwinWidthTreewidthExponentialRedemption/Statements/ContractionSequenceWidth.lean",
   "7eac415dd3c9e39e"],
  ["options", "00000000000006bb"],
  ["isModule: false", "feefd2a0d3a1847e"],
  ["Module.name: TwinWidthTreewidthExponentialRedemption.Statements.ContractionSequenceWidth",
   "0c34fd680d0c5674"],
  ["Package.id?: (some TwinWidthTreewidthExponentialRedemption.Statements)",
   "bfb5b17f1de87276"],
  ["Module.leanArgs: #[]", "00000000000006bb"]],
 "depHash": "24113a24127b42a7"}