{"synthetic": false,
 "schemaVersion": "2025-09-10",
 "outputs":
 {"o": ["f67b990f1672da91.olean"],
  "m": false,
  "i": "2d093f326b10dbb1.ilean",
  "c": "27a72e393ccce3bc.c"},
 "log":
 [{"message":
   ".> LEAN_PATH=/home/ebonnet/Bitbucket/leaning/twin-width/twin-width-treewidth-exponential-redemption-package/statements/.lake/packages/Cli/.lake/build/lib/lean:/home/ebonnet/Bitbucket/leaning/twin-width/twin-width-treewidth-exponential-redemption-package/statements/.lake/packages/batteries/.lake/build/lib/lean:/home/ebonnet/Bitbucket/leaning/twin-width/twin-width-treewidth-exponential-redemption-package/statements/.lake/packages/Qq/.lake/build/lib/lean:/home/ebonnet/Bitbucket/leaning/twin-width/twin-width-treewidth-exponential-redemption-package/statements/.lake/packages/aesop/.lake/build/lib/lean:/home/ebonnet/Bitbucket/leaning/twin-width/twin-width-treewidth-exponential-redemption-package/statements/.lake/packages/proofwidgets/.lake/build/lib/lean:/home/ebonnet/Bitbucket/leaning/twin-width/twin-width-treewidth-exponential-redemption-package/statements/.lake/packages/importGraph/.lake/build/lib/lean:/home/ebonnet/Bitbucket/leaning/twin-width/twin-width-treewidth-exponential-redemption-package/statements/.lake/packages/LeanSearchClient/.lake/build/lib/lean:/home/ebonnet/Bitbucket/leaning/twin-width/twin-width-treewidth-exponential-redemption-package/statements/.lake/packages/plausible/.lake/build/lib/lean:/home/ebonnet/Bitbucket/leaning/twin-width/twin-width-treewidth-exponential-redemption-package/statements/.lake/packages/mathlib/.lake/build/lib/lean:/home/ebonnet/Bitbucket/leaning/twin-width/twin-width-treewidth-exponential-redemption-package/statements/.lake/build/lib/lean /home/ebonnet/.elan/toolchains/leanprover--lean4---v4.30.0/bin/lean /home/ebonnet/Bitbucket/leaning/twin-width/twin-width-treewidth-exponential-redemption-package/statements/TwinWidthTreewidthExponentialRedemption/Statements/ContractedRed.lean -o /home/ebonnet/Bitbucket/leaning/twin-width/twin-width-treewidth-exponential-redemption-package/statements/.lake/build/lib/lean/TwinWidthTreewidthExponentialRedemption/Statements/ContractedRed.olean -i /home/ebonnet/Bitbucket/leaning/twin-width/twin-width-treewidth-exponential-redemption-package/statements/.lake/build/lib/lean/TwinWidthTreewidthExponentialRedemption/Statements/ContractedRed.ilean -c /home/ebonnet/Bitbucket/leaning/twin-width/twin-width-treewidth-exponential-redemption-package/statements/.lake/build/ir/TwinWidthTreewidthExponentialRedemption/Statements/ContractedRed.c --setup /home/ebonnet/Bitbucket/leaning/twin-width/twin-width-treewidth-exponential-redemption-package/statements/.lake/build/ir/TwinWidthTreewidthExponentialRedemption/Statements/ContractedRed.setup.json --json",
   "level": "trace"}],
 "inputs":
 [["TwinWidthTreewidthExponentialRedemption.Statements.ContractedRed:deps",
   [["deps",
     [["TwinWidthTreewidthExponentialRedemption.Statements/TwinWidthTreewidthExponentialRedemption.Statements:extraDep",
       [["@TwinWidthTreewidthExponentialRedemption.Statements:extraDep",
         "00000000000006bb"]]],
      ["imports",
       [["Mathlib.Data.Finset.Basic transitive imports (legacy)",
         "e9643a503ae66ac4"],
        ["Mathlib.Data.Finset.Basic:importAllArts", "0edbe396133a046c"],
        ["TwinWidthTreewidthExponentialRedemption.Statements.TrigraphState transitive imports (legacy)",
         "ab560302a23c0891"],
        ["TwinWidthTreewidthExponentialRedemption.Statements.TrigraphState:importAllArts",
         "f4b8eec398c5ed2c"]]]]],
    ["libs",
     [["import dynlibs", "00000000000006bb"],
      ["package external libraries", "00000000000006bb"],
      ["module dynlibs", "00000000000006bb"],
      ["module plugins", "00000000000006bb"]]]]],
  ["Lean 4.30.0, commit d024af099ca4bf2c86f649261ebf59565dc8c622",
   "2f4703bb19086252"],
  ["/home/ebonnet/Bitbucket/leaning/twin-width/twin-width-treewidth-exponential-redemption-package/statements/TwinWidthTreewidthExponentialRedemption/Statements/ContractedRed.lean",
   "6e81a7eb26ced691"],
  ["options", "00000000000006bb"],
  ["isModule: false", "feefd2a0d3a1847e"],
  ["Module.name: TwinWidthTreewidthExponentialRedemption.Statements.ContractedRed",
   "ca3cfd35aa92fa56"],
  ["Package.id?: (some TwinWidthTreewidthExponentialRedemption.Statements)",
   "bfb5b17f1de87276"],
  ["Module.leanArgs: #[]", "00000000000006bb"]],
 "depHash": "a31a80ae8472d73b"}