{"synthetic": false,
 "schemaVersion": "2025-09-10",
 "outputs":
 {"o": ["068606c987b5955b.olean"],
  "m": false,
  "i": "462502db58353faa.ilean",
  "c": "72cd84dc06f94595.c"},
 "log":
 [{"message":
   ".> LEAN_PATH=/home/ebonnet/Bitbucket/leaning/twin-width/twin-width-treewidth-exponential-redemption-package/statements/.lake/packages/Cli/.lake/build/lib/lean:/home/ebonnet/Bitbucket/leaning/twin-width/twin-width-treewidth-exponential-redemption-package/statements/.lake/packages/batteries/.lake/build/lib/lean:/home/ebonnet/Bitbucket/leaning/twin-width/twin-width-treewidth-exponential-redemption-package/statements/.lake/packages/Qq/.lake/build/lib/lean:/home/ebonnet/Bitbucket/leaning/twin-width/twin-width-treewidth-exponential-redemption-package/statements/.lake/packages/aesop/.lake/build/lib/lean:/home/ebonnet/Bitbucket/leaning/twin-width/twin-width-treewidth-exponential-redemption-package/statements/.lake/packages/proofwidgets/.lake/build/lib/lean:/home/ebonnet/Bitbucket/leaning/twin-width/twin-width-treewidth-exponential-redemption-package/statements/.lake/packages/importGraph/.lake/build/lib/lean:/home/ebonnet/Bitbucket/leaning/twin-width/twin-width-treewidth-exponential-redemption-package/statements/.lake/packages/LeanSearchClient/.lake/build/lib/lean:/home/ebonnet/Bitbucket/leaning/twin-width/twin-width-treewidth-exponential-redemption-package/statements/.lake/packages/plausible/.lake/build/lib/lean:/home/ebonnet/Bitbucket/leaning/twin-width/twin-width-treewidth-exponential-redemption-package/statements/.lake/packages/mathlib/.lake/build/lib/lean:/home/ebonnet/Bitbucket/leaning/twin-width/twin-width-treewidth-exponential-redemption-package/statements/.lake/build/lib/lean /home/ebonnet/.elan/toolchains/leanprover--lean4---v4.30.0/bin/lean /home/ebonnet/Bitbucket/leaning/twin-width/twin-width-treewidth-exponential-redemption-package/statements/TwinWidthTreewidthExponentialRedemption/Statements/FullTreeNode.lean -o /home/ebonnet/Bitbucket/leaning/twin-width/twin-width-treewidth-exponential-redemption-package/statements/.lake/build/lib/lean/TwinWidthTreewidthExponentialRedemption/Statements/FullTreeNode.olean -i /home/ebonnet/Bitbucket/leaning/twin-width/twin-width-treewidth-exponential-redemption-package/statements/.lake/build/lib/lean/TwinWidthTreewidthExponentialRedemption/Statements/FullTreeNode.ilean -c /home/ebonnet/Bitbucket/leaning/twin-width/twin-width-treewidth-exponential-redemption-package/statements/.lake/build/ir/TwinWidthTreewidthExponentialRedemption/Statements/FullTreeNode.c --setup /home/ebonnet/Bitbucket/leaning/twin-width/twin-width-treewidth-exponential-redemption-package/statements/.lake/build/ir/TwinWidthTreewidthExponentialRedemption/Statements/FullTreeNode.setup.json --json",
   "level": "trace"},
  {"message":
   "TwinWidthTreewidthExponentialRedemption/Statements/FullTreeNode.lean:9:4: The namespace 'FullTreeNode' is duplicated in the declaration 'TwinWidthTreewidthExponentialRedemption.Statements.FullTreeNode.FullTreeNode'\n\nNote: This linter can be disabled with `set_option linter.dupNamespace false`",
   "level": "warning"}],
 "inputs":
 [["TwinWidthTreewidthExponentialRedemption.Statements.FullTreeNode:deps",
   [["deps",
     [["TwinWidthTreewidthExponentialRedemption.Statements/TwinWidthTreewidthExponentialRedemption.Statements:extraDep",
       [["@TwinWidthTreewidthExponentialRedemption.Statements:extraDep",
         "00000000000006bb"]]],
      ["imports",
       [["Mathlib.Data.Fintype.Basic transitive imports (legacy)",
         "759046ca4bbb0c46"],
        ["Mathlib.Data.Fintype.Basic:importAllArts", "e86ae50007fde6e6"],
        ["Mathlib.Data.Nat.Basic transitive imports (legacy)",
         "8db705c5fe6f2f44"],
        ["Mathlib.Data.Nat.Basic:importAllArts", "52cfc4ecfffcb424"]]]]],
    ["libs",
     [["import dynlibs", "00000000000006bb"],
      ["package external libraries", "00000000000006bb"],
      ["module dynlibs", "00000000000006bb"],
      ["module plugins", "00000000000006bb"]]]]],
  ["Lean 4.30.0, commit d024af099ca4bf2c86f649261ebf59565dc8c622",
   "2f4703bb19086252"],
  ["/home/ebonnet/Bitbucket/leaning/twin-width/twin-width-treewidth-exponential-redemption-package/statements/TwinWidthTreewidthExponentialRedemption/Statements/FullTreeNode.lean",
   "ef1294669b15efe5"],
  ["options", "00000000000006bb"],
  ["isModule: false", "feefd2a0d3a1847e"],
  ["Module.name: TwinWidthTreewidthExponentialRedemption.Statements.FullTreeNode",
   "e11204ecacc4dd5c"],
  ["Package.id?: (some TwinWidthTreewidthExponentialRedemption.Statements)",
   "bfb5b17f1de87276"],
  ["Module.leanArgs: #[]", "00000000000006bb"]],
 "depHash": "2037db828a396658"}