{"synthetic": false,
 "schemaVersion": "2025-09-10",
 "outputs":
 {"o": ["43da0d2cb7be6ace.olean"],
  "m": false,
  "i": "00a561cb41d930bb.ilean",
  "c": "e222e124d8425f74.c"},
 "log":
 [{"message":
   ".> LEAN_PATH=/home/ebonnet/Bitbucket/leaning/twin-width/twin-width-mixed-minor-number-equivalence-redemption-package/proofs/.lake/packages/Cli/.lake/build/lib/lean:/home/ebonnet/Bitbucket/leaning/twin-width/twin-width-mixed-minor-number-equivalence-redemption-package/proofs/.lake/packages/batteries/.lake/build/lib/lean:/home/ebonnet/Bitbucket/leaning/twin-width/twin-width-mixed-minor-number-equivalence-redemption-package/proofs/.lake/packages/Qq/.lake/build/lib/lean:/home/ebonnet/Bitbucket/leaning/twin-width/twin-width-mixed-minor-number-equivalence-redemption-package/proofs/.lake/packages/aesop/.lake/build/lib/lean:/home/ebonnet/Bitbucket/leaning/twin-width/twin-width-mixed-minor-number-equivalence-redemption-package/proofs/.lake/packages/proofwidgets/.lake/build/lib/lean:/home/ebonnet/Bitbucket/leaning/twin-width/twin-width-mixed-minor-number-equivalence-redemption-package/proofs/.lake/packages/importGraph/.lake/build/lib/lean:/home/ebonnet/Bitbucket/leaning/twin-width/twin-width-mixed-minor-number-equivalence-redemption-package/proofs/.lake/packages/LeanSearchClient/.lake/build/lib/lean:/home/ebonnet/Bitbucket/leaning/twin-width/twin-width-mixed-minor-number-equivalence-redemption-package/proofs/.lake/packages/plausible/.lake/build/lib/lean:/home/ebonnet/Bitbucket/leaning/twin-width/twin-width-mixed-minor-number-equivalence-redemption-package/proofs/.lake/packages/mathlib/.lake/build/lib/lean:/home/ebonnet/Bitbucket/leaning/twin-width/twin-width-mixed-minor-number-equivalence-redemption-package/statements/.lake/build/lib/lean:/home/ebonnet/Bitbucket/leaning/twin-width/twin-width-mixed-minor-number-equivalence-redemption-package/proofs/.lake/packages/TwinWidthTreewidthExponentialRedemption2.Statements/twin-width/twin-width-treewidth-exponential-redemption-2-package/statements/.lake/build/lib/lean:/home/ebonnet/Bitbucket/leaning/twin-width/twin-width-mixed-minor-number-equivalence-redemption-package/proofs/.lake/build/lib/lean /home/ebonnet/.elan/toolchains/leanprover--lean4---v4.30.0/bin/lean /home/ebonnet/Bitbucket/leaning/twin-width/twin-width-mixed-minor-number-equivalence-redemption-package/proofs/TwinWidthMixedMinorNumberEquivalenceRedemption/Proofs/Main.lean -o /home/ebonnet/Bitbucket/leaning/twin-width/twin-width-mixed-minor-number-equivalence-redemption-package/proofs/.lake/build/lib/lean/TwinWidthMixedMinorNumberEquivalenceRedemption/Proofs/Main.olean -i /home/ebonnet/Bitbucket/leaning/twin-width/twin-width-mixed-minor-number-equivalence-redemption-package/proofs/.lake/build/lib/lean/TwinWidthMixedMinorNumberEquivalenceRedemption/Proofs/Main.ilean -c /home/ebonnet/Bitbucket/leaning/twin-width/twin-width-mixed-minor-number-equivalence-redemption-package/proofs/.lake/build/ir/TwinWidthMixedMinorNumberEquivalenceRedemption/Proofs/Main.c --setup /home/ebonnet/Bitbucket/leaning/twin-width/twin-width-mixed-minor-number-equivalence-redemption-package/proofs/.lake/build/ir/TwinWidthMixedMinorNumberEquivalenceRedemption/Proofs/Main.setup.json --json",
   "level": "trace"}],
 "inputs":
 [["TwinWidthMixedMinorNumberEquivalenceRedemption.Proofs.Main:deps",
   [["deps",
     [["TwinWidthMixedMinorNumberEquivalenceRedemption.Proofs/TwinWidthMixedMinorNumberEquivalenceRedemption.Proofs:extraDep",
       [["@TwinWidthMixedMinorNumberEquivalenceRedemption.Proofs:extraDep",
         "00000000000006bb"]]],
      ["imports",
       [["TwinWidthMixedMinorNumberEquivalenceRedemption.Source.TwinWidth.Equivalence.MainContract transitive imports (legacy)",
         "dffbadc579370faa"],
        ["TwinWidthMixedMinorNumberEquivalenceRedemption.Source.TwinWidth.Equivalence.MainContract:importAllArts",
         "9384c339a7d71c9c"],
        ["TwinWidthMixedMinorNumberEquivalenceRedemption.Statements.Main transitive imports (legacy)",
         "2dc64f2173aa7cfb"],
        ["TwinWidthMixedMinorNumberEquivalenceRedemption.Statements.Main:importAllArts",
         "a5768c3030a0c40c"]]]]],
    ["libs",
     [["import dynlibs", "00000000000006bb"],
      ["package external libraries", "00000000000006bb"],
      ["module dynlibs", "00000000000006bb"],
      ["module plugins", "00000000000006bb"]]]]],
  ["Lean 4.30.0, commit d024af099ca4bf2c86f649261ebf59565dc8c622",
   "2f4703bb19086252"],
  ["/home/ebonnet/Bitbucket/leaning/twin-width/twin-width-mixed-minor-number-equivalence-redemption-package/proofs/TwinWidthMixedMinorNumberEquivalenceRedemption/Proofs/Main.lean",
   "8c8667ffbd0db40c"],
  ["options", "00000000000006bb"],
  ["isModule: false", "feefd2a0d3a1847e"],
  ["Module.name: TwinWidthMixedMinorNumberEquivalenceRedemption.Proofs.Main",
   "0bbb3ba164816ec5"],
  ["Package.id?: (some TwinWidthMixedMinorNumberEquivalenceRedemption.Proofs)",
   "b53c288cba83af31"],
  ["Module.leanArgs: #[]", "00000000000006bb"]],
 "depHash": "0d9ff4eca73ffe06"}